Archive member included to satisfy reference by file (symbol)

C:/ST/STM32CubeIDE_1.14.1/STM32CubeIDE/plugins/com.st.stm32cube.ide.mcu.externaltools.gnu-tools-for-stm32.11.3.rel1.win32_1.1.100.202309141235/tools/bin/../lib/gcc/arm-none-eabi/11.3.1/../../../../arm-none-eabi/lib/thumb/v7-m/nofp\libc_nano.a(libc_a-exit.o)
                              C:/ST/STM32CubeIDE_1.14.1/STM32CubeIDE/plugins/com.st.stm32cube.ide.mcu.externaltools.gnu-tools-for-stm32.11.3.rel1.win32_1.1.100.202309141235/tools/bin/../lib/gcc/arm-none-eabi/11.3.1/../../../../arm-none-eabi/lib/thumb/v7-m/nofp/crt0.o (exit)
C:/ST/STM32CubeIDE_1.14.1/STM32CubeIDE/plugins/com.st.stm32cube.ide.mcu.externaltools.gnu-tools-for-stm32.11.3.rel1.win32_1.1.100.202309141235/tools/bin/../lib/gcc/arm-none-eabi/11.3.1/../../../../arm-none-eabi/lib/thumb/v7-m/nofp\libc_nano.a(libc_a-findfp.o)
                              C:/ST/STM32CubeIDE_1.14.1/STM32CubeIDE/plugins/com.st.stm32cube.ide.mcu.externaltools.gnu-tools-for-stm32.11.3.rel1.win32_1.1.100.202309141235/tools/bin/../lib/gcc/arm-none-eabi/11.3.1/../../../../arm-none-eabi/lib/thumb/v7-m/nofp\libc_nano.a(libc_a-exit.o) (__stdio_exit_handler)
C:/ST/STM32CubeIDE_1.14.1/STM32CubeIDE/plugins/com.st.stm32cube.ide.mcu.externaltools.gnu-tools-for-stm32.11.3.rel1.win32_1.1.100.202309141235/tools/bin/../lib/gcc/arm-none-eabi/11.3.1/../../../../arm-none-eabi/lib/thumb/v7-m/nofp\libc_nano.a(libc_a-fwalk.o)
                              C:/ST/STM32CubeIDE_1.14.1/STM32CubeIDE/plugins/com.st.stm32cube.ide.mcu.externaltools.gnu-tools-for-stm32.11.3.rel1.win32_1.1.100.202309141235/tools/bin/../lib/gcc/arm-none-eabi/11.3.1/../../../../arm-none-eabi/lib/thumb/v7-m/nofp\libc_nano.a(libc_a-findfp.o) (_fwalk_sglue)
C:/ST/STM32CubeIDE_1.14.1/STM32CubeIDE/plugins/com.st.stm32cube.ide.mcu.externaltools.gnu-tools-for-stm32.11.3.rel1.win32_1.1.100.202309141235/tools/bin/../lib/gcc/arm-none-eabi/11.3.1/../../../../arm-none-eabi/lib/thumb/v7-m/nofp\libc_nano.a(libc_a-stdio.o)
                              C:/ST/STM32CubeIDE_1.14.1/STM32CubeIDE/plugins/com.st.stm32cube.ide.mcu.externaltools.gnu-tools-for-stm32.11.3.rel1.win32_1.1.100.202309141235/tools/bin/../lib/gcc/arm-none-eabi/11.3.1/../../../../arm-none-eabi/lib/thumb/v7-m/nofp\libc_nano.a(libc_a-findfp.o) (__sread)
C:/ST/STM32CubeIDE_1.14.1/STM32CubeIDE/plugins/com.st.stm32cube.ide.mcu.externaltools.gnu-tools-for-stm32.11.3.rel1.win32_1.1.100.202309141235/tools/bin/../lib/gcc/arm-none-eabi/11.3.1/../../../../arm-none-eabi/lib/thumb/v7-m/nofp\libc_nano.a(libc_a-memset.o)
                              C:/ST/STM32CubeIDE_1.14.1/STM32CubeIDE/plugins/com.st.stm32cube.ide.mcu.externaltools.gnu-tools-for-stm32.11.3.rel1.win32_1.1.100.202309141235/tools/bin/../lib/gcc/arm-none-eabi/11.3.1/../../../../arm-none-eabi/lib/thumb/v7-m/nofp/crt0.o (memset)
C:/ST/STM32CubeIDE_1.14.1/STM32CubeIDE/plugins/com.st.stm32cube.ide.mcu.externaltools.gnu-tools-for-stm32.11.3.rel1.win32_1.1.100.202309141235/tools/bin/../lib/gcc/arm-none-eabi/11.3.1/../../../../arm-none-eabi/lib/thumb/v7-m/nofp\libc_nano.a(libc_a-closer.o)
                              C:/ST/STM32CubeIDE_1.14.1/STM32CubeIDE/plugins/com.st.stm32cube.ide.mcu.externaltools.gnu-tools-for-stm32.11.3.rel1.win32_1.1.100.202309141235/tools/bin/../lib/gcc/arm-none-eabi/11.3.1/../../../../arm-none-eabi/lib/thumb/v7-m/nofp\libc_nano.a(libc_a-stdio.o) (_close_r)
C:/ST/STM32CubeIDE_1.14.1/STM32CubeIDE/plugins/com.st.stm32cube.ide.mcu.externaltools.gnu-tools-for-stm32.11.3.rel1.win32_1.1.100.202309141235/tools/bin/../lib/gcc/arm-none-eabi/11.3.1/../../../../arm-none-eabi/lib/thumb/v7-m/nofp\libc_nano.a(libc_a-reent.o)
                              C:/ST/STM32CubeIDE_1.14.1/STM32CubeIDE/plugins/com.st.stm32cube.ide.mcu.externaltools.gnu-tools-for-stm32.11.3.rel1.win32_1.1.100.202309141235/tools/bin/../lib/gcc/arm-none-eabi/11.3.1/../../../../arm-none-eabi/lib/thumb/v7-m/nofp\libc_nano.a(libc_a-closer.o) (errno)
C:/ST/STM32CubeIDE_1.14.1/STM32CubeIDE/plugins/com.st.stm32cube.ide.mcu.externaltools.gnu-tools-for-stm32.11.3.rel1.win32_1.1.100.202309141235/tools/bin/../lib/gcc/arm-none-eabi/11.3.1/../../../../arm-none-eabi/lib/thumb/v7-m/nofp\libc_nano.a(libc_a-impure.o)
                              C:/ST/STM32CubeIDE_1.14.1/STM32CubeIDE/plugins/com.st.stm32cube.ide.mcu.externaltools.gnu-tools-for-stm32.11.3.rel1.win32_1.1.100.202309141235/tools/bin/../lib/gcc/arm-none-eabi/11.3.1/../../../../arm-none-eabi/lib/thumb/v7-m/nofp\libc_nano.a(libc_a-reent.o) (_impure_ptr)
C:/ST/STM32CubeIDE_1.14.1/STM32CubeIDE/plugins/com.st.stm32cube.ide.mcu.externaltools.gnu-tools-for-stm32.11.3.rel1.win32_1.1.100.202309141235/tools/bin/../lib/gcc/arm-none-eabi/11.3.1/../../../../arm-none-eabi/lib/thumb/v7-m/nofp\libc_nano.a(libc_a-lseekr.o)
[...]
Memory Configuration

Name             Origin             Length             Attributes
RAM              0x0000000020000000 0x0000000000005000 xrw
FLASH            0x0000000008000000 0x0000000000010000 xr
*default*        0x0000000000000000 0xffffffffffffffff

Linker script and memory map

LOAD C:/ST/STM32CubeIDE_1.14.1/STM32CubeIDE/plugins/com.st.stm32cube.ide.mcu.externaltools.gnu-tools-for-stm32.11.3.rel1.win32_1.1.100.202309141235/tools/bin/../lib/gcc/arm-none-eabi/11.3.1/thumb/v7-m/nofp/crti.o
LOAD C:/ST/STM32CubeIDE_1.14.1/STM32CubeIDE/plugins/com.st.stm32cube.ide.mcu.externaltools.gnu-tools-for-stm32.11.3.rel1.win32_1.1.100.202309141235/tools/bin/../lib/gcc/arm-none-eabi/11.3.1/thumb/v7-m/nofp/crtbegin.o
LOAD C:/ST/STM32CubeIDE_1.14.1/STM32CubeIDE/plugins/com.st.stm32cube.ide.mcu.externaltools.gnu-tools-for-stm32.11.3.rel1.win32_1.1.100.202309141235/tools/bin/../lib/gcc/arm-none-eabi/11.3.1/../../../../arm-none-eabi/lib/thumb/v7-m/nofp/crt0.o
LOAD ./Core/Src/main.o
LOAD ./Core/Src/stm32f1xx_hal_msp.o
LOAD ./Core/Src/stm32f1xx_it.o
LOAD ./Core/Src/syscalls.o
LOAD ./Core/Src/sysmem.o
LOAD ./Core/Src/system_stm32f1xx.o
LOAD ./Core/Startup/startup_stm32f103c8tx.o
LOAD ./Drivers/STM32F1xx_HAL_Driver/Src/stm32f1xx_hal.o
LOAD ./Drivers/STM32F1xx_HAL_Driver/Src/stm32f1xx_hal_cortex.o
LOAD ./Drivers/STM32F1xx_HAL_Driver/Src/stm32f1xx_hal_dma.o
LOAD ./Drivers/STM32F1xx_HAL_Driver/Src/stm32f1xx_hal_exti.o
LOAD ./Drivers/STM32F1xx_HAL_Driver/Src/stm32f1xx_hal_flash.o
LOAD ./Drivers/STM32F1xx_HAL_Driver/Src/stm32f1xx_hal_flash_ex.o
LOAD ./Drivers/STM32F1xx_HAL_Driver/Src/stm32f1xx_hal_gpio.o
LOAD ./Drivers/STM32F1xx_HAL_Driver/Src/stm32f1xx_hal_gpio_ex.o
LOAD ./Drivers/STM32F1xx_HAL_Driver/Src/stm32f1xx_hal_pcd.o
LOAD ./Drivers/STM32F1xx_HAL_Driver/Src/stm32f1xx_hal_pcd_ex.o
LOAD ./Drivers/STM32F1xx_HAL_Driver/Src/stm32f1xx_hal_pwr.o
LOAD ./Drivers/STM32F1xx_HAL_Driver/Src/stm32f1xx_hal_rcc.o
LOAD ./Drivers/STM32F1xx_HAL_Driver/Src/stm32f1xx_hal_rcc_ex.o
LOAD ./Drivers/STM32F1xx_HAL_Driver/Src/stm32f1xx_hal_spi.o
LOAD ./Drivers/STM32F1xx_HAL_Driver/Src/stm32f1xx_hal_tim.o
LOAD ./Drivers/STM32F1xx_HAL_Driver/Src/stm32f1xx_hal_tim_ex.o
LOAD ./Drivers/STM32F1xx_HAL_Driver/Src/stm32f1xx_ll_usb.o
LOAD ./Middlewares/ST/STM32_USB_Device_Library/Class/CDC/Src/usbd_cdc.o
LOAD ./Middlewares/ST/STM32_USB_Device_Library/Core/Src/usbd_core.o
LOAD ./Middlewares/ST/STM32_USB_Device_Library/Core/Src/usbd_ctlreq.o
LOAD ./Middlewares/ST/STM32_USB_Device_Library/Core/Src/usbd_ioreq.o
LOAD ./USB_DEVICE/App/usb_device.o
LOAD ./USB_DEVICE/App/usbd_cdc_if.o
LOAD ./USB_DEVICE/App/usbd_desc.o
LOAD ./USB_DEVICE/Target/usbd_conf.o
START GROUP
LOAD C:/ST/STM32CubeIDE_1.14.1/STM32CubeIDE/plugins/com.st.stm32cube.ide.mcu.externaltools.gnu-tools-for-stm32.11.3.rel1.win32_1.1.100.202309141235/tools/bin/../lib/gcc/arm-none-eabi/11.3.1/../../../../arm-none-eabi/lib/thumb/v7-m/nofp\libstdc++_nano.a
LOAD C:/ST/STM32CubeIDE_1.14.1/STM32CubeIDE/plugins/com.st.stm32cube.ide.mcu.externaltools.gnu-tools-for-stm32.11.3.rel1.win32_1.1.100.202309141235/tools/bin/../lib/gcc/arm-none-eabi/11.3.1/../../../../arm-none-eabi/lib/thumb/v7-m/nofp\libsupc++_nano.a
END GROUP
LOAD C:/ST/STM32CubeIDE_1.14.1/STM32CubeIDE/plugins/com.st.stm32cube.ide.mcu.externaltools.gnu-tools-for-stm32.11.3.rel1.win32_1.1.100.202309141235/tools/bin/../lib/gcc/arm-none-eabi/11.3.1/../../../../arm-none-eabi/lib/thumb/v7-m/nofp\libstdc++_nano.a
LOAD C:/ST/STM32CubeIDE_1.14.1/STM32CubeIDE/plugins/com.st.stm32cube.ide.mcu.externaltools.gnu-tools-for-stm32.11.3.rel1.win32_1.1.100.202309141235/tools/bin/../lib/gcc/arm-none-eabi/11.3.1/../../../../arm-none-eabi/lib/thumb/v7-m/nofp\libm.a
LOAD C:/ST/STM32CubeIDE_1.14.1/STM32CubeIDE/plugins/com.st.stm32cube.ide.mcu.externaltools.gnu-tools-for-stm32.11.3.rel1.win32_1.1.100.202309141235/tools/bin/../lib/gcc/arm-none-eabi/11.3.1/../../../../arm-none-eabi/lib/thumb/v7-m/nofp\libc_nano.a
START GROUP
LOAD C:/ST/STM32CubeIDE_1.14.1/STM32CubeIDE/plugins/com.st.stm32cube.ide.mcu.externaltools.gnu-tools-for-stm32.11.3.rel1.win32_1.1.100.202309141235/tools/bin/../lib/gcc/arm-none-eabi/11.3.1/thumb/v7-m/nofp\libgcc.a
LOAD C:/ST/STM32CubeIDE_1.14.1/STM32CubeIDE/plugins/com.st.stm32cube.ide.mcu.externaltools.gnu-tools-for-stm32.11.3.rel1.win32_1.1.100.202309141235/tools/bin/../lib/gcc/arm-none-eabi/11.3.1/../../../../arm-none-eabi/lib/thumb/v7-m/nofp\libc_nano.a
END GROUP
START GROUP
LOAD C:/ST/STM32CubeIDE_1.14.1/STM32CubeIDE/plugins/com.st.stm32cube.ide.mcu.externaltools.gnu-tools-for-stm32.11.3.rel1.win32_1.1.100.202309141235/tools/bin/../lib/gcc/arm-none-eabi/11.3.1/thumb/v7-m/nofp\libgcc.a
LOAD C:/ST/STM32CubeIDE_1.14.1/STM32CubeIDE/plugins/com.st.stm32cube.ide.mcu.externaltools.gnu-tools-for-stm32.11.3.rel1.win32_1.1.100.202309141235/tools/bin/../lib/gcc/arm-none-eabi/11.3.1/../../../../arm-none-eabi/lib/thumb/v7-m/nofp\libc_nano.a
LOAD C:/ST/STM32CubeIDE_1.14.1/STM32CubeIDE/plugins/com.st.stm32cube.ide.mcu.externaltools.gnu-tools-for-stm32.11.3.rel1.win32_1.1.100.202309141235/tools/bin/../lib/gcc/arm-none-eabi/11.3.1/../../../../arm-none-eabi/lib/thumb/v7-m/nofp\libnosys.a
END GROUP
START GROUP
LOAD C:/ST/STM32CubeIDE_1.14.1/STM32CubeIDE/plugins/com.st.stm32cube.ide.mcu.externaltools.gnu-tools-for-stm32.11.3.rel1.win32_1.1.100.202309141235/tools/bin/../lib/gcc/arm-none-eabi/11.3.1/thumb/v7-m/nofp\libgcc.a
LOAD C:/ST/STM32CubeIDE_1.14.1/STM32CubeIDE/plugins/com.st.stm32cube.ide.mcu.externaltools.gnu-tools-for-stm32.11.3.rel1.win32_1.1.100.202309141235/tools/bin/../lib/gcc/arm-none-eabi/11.3.1/../../../../arm-none-eabi/lib/thumb/v7-m/nofp\libc_nano.a
LOAD C:/ST/STM32CubeIDE_1.14.1/STM32CubeIDE/plugins/com.st.stm32cube.ide.mcu.externaltools.gnu-tools-for-stm32.11.3.rel1.win32_1.1.100.202309141235/tools/bin/../lib/gcc/arm-none-eabi/11.3.1/../../../../arm-none-eabi/lib/thumb/v7-m/nofp\libnosys.a
END GROUP
LOAD C:/ST/STM32CubeIDE_1.14.1/STM32CubeIDE/plugins/com.st.stm32cube.ide.mcu.externaltools.gnu-tools-for-stm32.11.3.rel1.win32_1.1.100.202309141235/tools/bin/../lib/gcc/arm-none-eabi/11.3.1/thumb/v7-m/nofp/crtend.o
LOAD C:/ST/STM32CubeIDE_1.14.1/STM32CubeIDE/plugins/com.st.stm32cube.ide.mcu.externaltools.gnu-tools-for-stm32.11.3.rel1.win32_1.1.100.202309141235/tools/bin/../lib/gcc/arm-none-eabi/11.3.1/thumb/v7-m/nofp/crtn.o
                0x0000000020005000                _estack = (ORIGIN (RAM) + LENGTH (RAM))
                0x0000000000000200                _Min_Heap_Size = 0x200
                0x0000000000000400                _Min_Stack_Size = 0x400

.isr_vector     0x0000000008000000      0x10c
                0x0000000008000000                . = ALIGN (0x4)
 *(.isr_vector)
 .isr_vector    0x0000000008000000      0x10c ./Core/Startup/startup_stm32f103c8tx.o
                0x0000000008000000                g_pfnVectors
                0x000000000800010c                . = ALIGN (0x4)

.text           0x000000000800010c     0x8ddc
                0x000000000800010c                . = ALIGN (0x4)
 *(.text)
 .text          0x000000000800010c       0x40 C:/ST/STM32CubeIDE_1.14.1/STM32CubeIDE/plugins/com.st.stm32cube.ide.mcu.externaltools.gnu-tools-for-stm32.11.3.rel1.win32_1.1.100.202309141235/tools/bin/../lib/gcc/arm-none-eabi/11.3.1/thumb/v7-m/nofp/crtbegin.o
 *(.text*)
 .text.main     0x000000000800014c      0x120 ./Core/Src/main.o
                0x000000000800014c                main
 .text.SystemClock_Config
                0x000000000800026c       0xb4 ./Core/Src/main.o
                0x000000000800026c                SystemClock_Config
 .text.MX_SPI1_Init
                0x0000000008000320       0x6c ./Core/Src/main.o
 .text.MX_TIM1_Init
                0x000000000800038c      0x140 ./Core/Src/main.o
 .text.MX_GPIO_Init
                0x00000000080004cc       0xec ./Core/Src/main.o
 .text.delay    0x00000000080005b8       0x28 ./Core/Src/main.o
                0x00000000080005b8                delay
 .text.Error_Handler
                0x00000000080005e0        0xa ./Core/Src/main.o
                0x00000000080005e0                Error_Handler
 *fill*         0x00000000080005ea        0x2 
 .text.HAL_MspInit
                0x00000000080005ec       0x64 ./Core/Src/stm32f1xx_hal_msp.o
                0x00000000080005ec                HAL_MspInit
 .text.HAL_SPI_MspInit
                0x0000000008000650       0x94 ./Core/Src/stm32f1xx_hal_msp.o
                0x0000000008000650                HAL_SPI_MspInit
 .text.HAL_TIM_Base_MspInit
                0x00000000080006e4       0x4c ./Core/Src/stm32f1xx_hal_msp.o
                0x00000000080006e4                HAL_TIM_Base_MspInit
 .text.HAL_TIM_MspPostInit
                0x0000000008000730       0x68 ./Core/Src/stm32f1xx_hal_msp.o
                0x0000000008000730                HAL_TIM_MspPostInit
 .text.NMI_Handler
                0x0000000008000798        0x6 ./Core/Src/stm32f1xx_it.o
                0x0000000008000798                NMI_Handler
 .text.HardFault_Handler
                0x000000000800079e        0x6 ./Core/Src/stm32f1xx_it.o
                0x000000000800079e                HardFault_Handler
 .text.MemManage_Handler
                0x00000000080007a4        0x6 ./Core/Src/stm32f1xx_it.o
                0x00000000080007a4                MemManage_Handler
 .text.BusFault_Handler
                0x00000000080007aa        0x6 ./Core/Src/stm32f1xx_it.o
                0x00000000080007aa                BusFault_Handler
 .text.UsageFault_Handler
                0x00000000080007b0        0x6 ./Core/Src/stm32f1xx_it.o
                0x00000000080007b0                UsageFault_Handler
 .text.SVC_Handler
                0x00000000080007b6        0xc ./Core/Src/stm32f1xx_it.o
                0x00000000080007b6                SVC_Handler
 .text.DebugMon_Handler
                0x00000000080007c2        0xc ./Core/Src/stm32f1xx_it.o
                0x00000000080007c2                DebugMon_Handler
 .text.PendSV_Handler
                0x00000000080007ce        0xc ./Core/Src/stm32f1xx_it.o
                0x00000000080007ce                PendSV_Handler
 .text.SysTick_Handler
                0x00000000080007da        0xc ./Core/Src/stm32f1xx_it.o
                0x00000000080007da                SysTick_Handler
 *fill*         0x00000000080007e6        0x2 
 .text.USB_LP_CAN1_RX0_IRQHandler
                0x00000000080007e8       0x14 ./Core/Src/stm32f1xx_it.o
                0x00000000080007e8                USB_LP_CAN1_RX0_IRQHandler
 .text.TIM1_UP_IRQHandler
                0x00000000080007fc       0x14 ./Core/Src/stm32f1xx_it.o
                0x00000000080007fc                TIM1_UP_IRQHandler
 .text.SystemInit
                0x0000000008000810        0xc ./Core/Src/system_stm32f1xx.o
                0x0000000008000810                SystemInit
 .text.Reset_Handler
                0x000000000800081c       0x48 ./Core/Startup/startup_stm32f103c8tx.o
                0x000000000800081c                Reset_Handler
 .text.Default_Handler
                0x0000000008000864        0x2 ./Core/Startup/startup_stm32f103c8tx.o
                0x0000000008000864                RTC_Alarm_IRQHandler
                0x0000000008000864                EXTI2_IRQHandler
                0x0000000008000864                TIM1_CC_IRQHandler
                0x0000000008000864                PVD_IRQHandler
                0x0000000008000864                EXTI3_IRQHandler
                0x0000000008000864                EXTI0_IRQHandler
                0x0000000008000864                I2C2_EV_IRQHandler
                0x0000000008000864                ADC1_2_IRQHandler
                0x0000000008000864                SPI1_IRQHandler
                0x0000000008000864                TAMPER_IRQHandler
                0x0000000008000864                DMA1_Channel4_IRQHandler
                0x0000000008000864                USART3_IRQHandler
                0x0000000008000864                RTC_IRQHandler
                0x0000000008000864                DMA1_Channel7_IRQHandler
                0x0000000008000864                CAN1_RX1_IRQHandler
                0x0000000008000864                TIM4_IRQHandler
                0x0000000008000864                I2C1_EV_IRQHandler
                0x0000000008000864                DMA1_Channel6_IRQHandler
                0x0000000008000864                TIM3_IRQHandler
                0x0000000008000864                RCC_IRQHandler
                0x0000000008000864                TIM1_TRG_COM_IRQHandler
                0x0000000008000864                DMA1_Channel1_IRQHandler
                0x0000000008000864                Default_Handler
                0x0000000008000864                EXTI15_10_IRQHandler
                0x0000000008000864                EXTI9_5_IRQHandler
                0x0000000008000864                SPI2_IRQHandler
                0x0000000008000864                DMA1_Channel5_IRQHandler
                0x0000000008000864                EXTI4_IRQHandler
                0x0000000008000864                USB_HP_CAN1_TX_IRQHandler
                0x0000000008000864                DMA1_Channel3_IRQHandler
                0x0000000008000864                WWDG_IRQHandler
                0x0000000008000864                TIM2_IRQHandler
                0x0000000008000864                TIM1_BRK_IRQHandler
                0x0000000008000864                EXTI1_IRQHandler
                0x0000000008000864                USART2_IRQHandler
                0x0000000008000864                I2C2_ER_IRQHandler
                0x0000000008000864                DMA1_Channel2_IRQHandler
                0x0000000008000864                CAN1_SCE_IRQHandler
                0x0000000008000864                FLASH_IRQHandler
                0x0000000008000864                USART1_IRQHandler
                0x0000000008000864                I2C1_ER_IRQHandler
                0x0000000008000864                USBWakeUp_IRQHandler
 *fill*         0x0000000008000866        0x2 
 .text.HAL_Init
                0x0000000008000868       0x2c ./Drivers/STM32F1xx_HAL_Driver/Src/stm32f1xx_hal.o
                0x0000000008000868                HAL_Init
 .text.HAL_InitTick
                0x0000000008000894       0x60 ./Drivers/STM32F1xx_HAL_Driver/Src/stm32f1xx_hal.o
                0x0000000008000894                HAL_InitTick
 .text.HAL_IncTick
                0x00000000080008f4       0x24 ./Drivers/STM32F1xx_HAL_Driver/Src/stm32f1xx_hal.o
                0x00000000080008f4                HAL_IncTick
 .text.HAL_GetTick
                0x0000000008000918       0x14 ./Drivers/STM32F1xx_HAL_Driver/Src/stm32f1xx_hal.o
                0x0000000008000918                HAL_GetTick
 .text.HAL_Delay
                0x000000000800092c       0x48 ./Drivers/STM32F1xx_HAL_Driver/Src/stm32f1xx_hal.o
                0x000000000800092c                HAL_Delay
 .text.__NVIC_SetPriorityGrouping
                0x0000000008000974       0x48 ./Drivers/STM32F1xx_HAL_Driver/Src/stm32f1xx_hal_cortex.o
 .text.__NVIC_GetPriorityGrouping
                0x00000000080009bc       0x1c ./Drivers/STM32F1xx_HAL_Driver/Src/stm32f1xx_hal_cortex.o
 .text.__NVIC_EnableIRQ
                0x00000000080009d8       0x38 ./Drivers/STM32F1xx_HAL_Driver/Src/stm32f1xx_hal_cortex.o
 .text.__NVIC_SetPriority
                0x0000000008000a10       0x54 ./Drivers/STM32F1xx_HAL_Driver/Src/stm32f1xx_hal_cortex.o
 .text.NVIC_EncodePriority
                0x0000000008000a64       0x64 ./Drivers/STM32F1xx_HAL_Driver/Src/stm32f1xx_hal_cortex.o
 .text.SysTick_Config
                0x0000000008000ac8       0x44 ./Drivers/STM32F1xx_HAL_Driver/Src/stm32f1xx_hal_cortex.o
 .text.HAL_NVIC_SetPriorityGrouping
                0x0000000008000b0c       0x16 ./Drivers/STM32F1xx_HAL_Driver/Src/stm32f1xx_hal_cortex.o
                0x0000000008000b0c                HAL_NVIC_SetPriorityGrouping
 .text.HAL_NVIC_SetPriority
                0x0000000008000b22       0x38 ./Drivers/STM32F1xx_HAL_Driver/Src/stm32f1xx_hal_cortex.o
                0x0000000008000b22                HAL_NVIC_SetPriority
 .text.HAL_NVIC_EnableIRQ
                0x0000000008000b5a       0x1c ./Drivers/STM32F1xx_HAL_Driver/Src/stm32f1xx_hal_cortex.o
                0x0000000008000b5a                HAL_NVIC_EnableIRQ
 .text.HAL_SYSTICK_Config
                0x0000000008000b76       0x18 ./Drivers/STM32F1xx_HAL_Driver/Src/stm32f1xx_hal_cortex.o
                0x0000000008000b76                HAL_SYSTICK_Config
 *fill*         0x0000000008000b8e        0x2 
 .text.HAL_GPIO_Init
                0x0000000008000b90      0x308 ./Drivers/STM32F1xx_HAL_Driver/Src/stm32f1xx_hal_gpio.o
                0x0000000008000b90                HAL_GPIO_Init
 .text.HAL_GPIO_WritePin
                0x0000000008000e98       0x30 ./Drivers/STM32F1xx_HAL_Driver/Src/stm32f1xx_hal_gpio.o
                0x0000000008000e98                HAL_GPIO_WritePin
 .text.HAL_PCD_Init
                0x0000000008000ec8      0x1fe ./Drivers/STM32F1xx_HAL_Driver/Src/stm32f1xx_hal_pcd.o
                0x0000000008000ec8                HAL_PCD_Init
 .text.HAL_PCD_Start
                0x00000000080010c6       0x4c ./Drivers/STM32F1xx_HAL_Driver/Src/stm32f1xx_hal_pcd.o
                0x00000000080010c6                HAL_PCD_Start
 .text.HAL_PCD_IRQHandler
                0x0000000008001112      0x260 ./Drivers/STM32F1xx_HAL_Driver/Src/stm32f1xx_hal_pcd.o
                0x0000000008001112                HAL_PCD_IRQHandler
 .text.HAL_PCD_SetAddress
                0x0000000008001372       0x4a ./Drivers/STM32F1xx_HAL_Driver/Src/stm32f1xx_hal_pcd.o
                0x0000000008001372                HAL_PCD_SetAddress
 .text.HAL_PCD_EP_Open
                0x00000000080013bc       0xba ./Drivers/STM32F1xx_HAL_Driver/Src/stm32f1xx_hal_pcd.o
                0x00000000080013bc                HAL_PCD_EP_Open
 .text.HAL_PCD_EP_Close
                0x0000000008001476       0x90 ./Drivers/STM32F1xx_HAL_Driver/Src/stm32f1xx_hal_pcd.o
                0x0000000008001476                HAL_PCD_EP_Close
 .text.HAL_PCD_EP_Receive
                0x0000000008001506       0x62 ./Drivers/STM32F1xx_HAL_Driver/Src/stm32f1xx_hal_pcd.o
                0x0000000008001506                HAL_PCD_EP_Receive
 .text.HAL_PCD_EP_GetRxCount
                0x0000000008001568       0x2e ./Drivers/STM32F1xx_HAL_Driver/Src/stm32f1xx_hal_pcd.o
                0x0000000008001568                HAL_PCD_EP_GetRxCount
 .text.HAL_PCD_EP_Transmit
                0x0000000008001596       0x6e ./Drivers/STM32F1xx_HAL_Driver/Src/stm32f1xx_hal_pcd.o
                0x0000000008001596                HAL_PCD_EP_Transmit
 .text.HAL_PCD_EP_SetStall
                0x0000000008001604       0xc0 ./Drivers/STM32F1xx_HAL_Driver/Src/stm32f1xx_hal_pcd.o
                0x0000000008001604                HAL_PCD_EP_SetStall
 .text.HAL_PCD_EP_ClrStall
                0x00000000080016c4       0xa8 ./Drivers/STM32F1xx_HAL_Driver/Src/stm32f1xx_hal_pcd.o
                0x00000000080016c4                HAL_PCD_EP_ClrStall
 .text.PCD_EP_ISR_Handler
                0x000000000800176c      0x7a6 ./Drivers/STM32F1xx_HAL_Driver/Src/stm32f1xx_hal_pcd.o
 .text.HAL_PCD_EP_DB_Receive
                0x0000000008001f12      0x21a ./Drivers/STM32F1xx_HAL_Driver/Src/stm32f1xx_hal_pcd.o
 .text.HAL_PCD_EP_DB_Transmit
                0x000000000800212c      0x7f4 ./Drivers/STM32F1xx_HAL_Driver/Src/stm32f1xx_hal_pcd.o
 .text.HAL_PCDEx_PMAConfig
                0x0000000008002920       0x84 ./Drivers/STM32F1xx_HAL_Driver/Src/stm32f1xx_hal_pcd_ex.o
                0x0000000008002920                HAL_PCDEx_PMAConfig
 .text.HAL_RCC_OscConfig
                0x00000000080029a4      0x504 ./Drivers/STM32F1xx_HAL_Driver/Src/stm32f1xx_hal_rcc.o
                0x00000000080029a4                HAL_RCC_OscConfig
 .text.HAL_RCC_ClockConfig
                0x0000000008002ea8      0x1d4 ./Drivers/STM32F1xx_HAL_Driver/Src/stm32f1xx_hal_rcc.o
                0x0000000008002ea8                HAL_RCC_ClockConfig
 .text.HAL_RCC_GetSysClockFreq
                0x000000000800307c       0xa8 ./Drivers/STM32F1xx_HAL_Driver/Src/stm32f1xx_hal_rcc.o
                0x000000000800307c                HAL_RCC_GetSysClockFreq
 .text.RCC_Delay
                0x0000000008003124       0x3c ./Drivers/STM32F1xx_HAL_Driver/Src/stm32f1xx_hal_rcc.o
 .text.HAL_RCCEx_PeriphCLKConfig
                0x0000000008003160      0x16c ./Drivers/STM32F1xx_HAL_Driver/Src/stm32f1xx_hal_rcc_ex.o
                0x0000000008003160                HAL_RCCEx_PeriphCLKConfig
 .text.HAL_SPI_Init
                0x00000000080032cc      0x108 ./Drivers/STM32F1xx_HAL_Driver/Src/stm32f1xx_hal_spi.o
                0x00000000080032cc                HAL_SPI_Init
 .text.HAL_SPI_Transmit
                0x00000000080033d4      0x286 ./Drivers/STM32F1xx_HAL_Driver/Src/stm32f1xx_hal_spi.o
                0x00000000080033d4                HAL_SPI_Transmit
 *fill*         0x000000000800365a        0x2 
 .text.SPI_WaitFlagStateUntilTimeout
                0x000000000800365c      0x110 ./Drivers/STM32F1xx_HAL_Driver/Src/stm32f1xx_hal_spi.o
 .text.SPI_EndRxTxTransaction
                0x000000000800376c       0x3c ./Drivers/STM32F1xx_HAL_Driver/Src/stm32f1xx_hal_spi.o
 .text.HAL_TIM_Base_Init
                0x00000000080037a8       0x9e ./Drivers/STM32F1xx_HAL_Driver/Src/stm32f1xx_hal_tim.o
                0x00000000080037a8                HAL_TIM_Base_Init
 .text.HAL_TIM_PWM_Init
                0x0000000008003846       0x9e ./Drivers/STM32F1xx_HAL_Driver/Src/stm32f1xx_hal_tim.o
                0x0000000008003846                HAL_TIM_PWM_Init
 .text.HAL_TIM_PWM_MspInit
                0x00000000080038e4       0x12 ./Drivers/STM32F1xx_HAL_Driver/Src/stm32f1xx_hal_tim.o
                0x00000000080038e4                HAL_TIM_PWM_MspInit
 *fill*         0x00000000080038f6        0x2 
 .text.HAL_TIM_PWM_Start
                0x00000000080038f8      0x144 ./Drivers/STM32F1xx_HAL_Driver/Src/stm32f1xx_hal_tim.o
                0x00000000080038f8                HAL_TIM_PWM_Start
 .text.HAL_TIM_PWM_Stop
                0x0000000008003a3c       0xc8 ./Drivers/STM32F1xx_HAL_Driver/Src/stm32f1xx_hal_tim.o
                0x0000000008003a3c                HAL_TIM_PWM_Stop
 .text.HAL_TIM_IRQHandler
                0x0000000008003b04      0x210 ./Drivers/STM32F1xx_HAL_Driver/Src/stm32f1xx_hal_tim.o
                0x0000000008003b04                HAL_TIM_IRQHandler
 .text.HAL_TIM_PWM_ConfigChannel
                0x0000000008003d14      0x184 ./Drivers/STM32F1xx_HAL_Driver/Src/stm32f1xx_hal_tim.o
                0x0000000008003d14                HAL_TIM_PWM_ConfigChannel
 .text.HAL_TIM_ConfigClockSource
                0x0000000008003e98      0x18e ./Drivers/STM32F1xx_HAL_Driver/Src/stm32f1xx_hal_tim.o
                0x0000000008003e98                HAL_TIM_ConfigClockSource
 .text.HAL_TIM_PeriodElapsedCallback
                0x0000000008004026       0x12 ./Drivers/STM32F1xx_HAL_Driver/Src/stm32f1xx_hal_tim.o
                0x0000000008004026                HAL_TIM_PeriodElapsedCallback
 .text.HAL_TIM_OC_DelayElapsedCallback
                0x0000000008004038       0x12 ./Drivers/STM32F1xx_HAL_Driver/Src/stm32f1xx_hal_tim.o
                0x0000000008004038                HAL_TIM_OC_DelayElapsedCallback
 .text.HAL_TIM_IC_CaptureCallback
                0x000000000800404a       0x12 ./Drivers/STM32F1xx_HAL_Driver/Src/stm32f1xx_hal_tim.o
                0x000000000800404a                HAL_TIM_IC_CaptureCallback
 .text.HAL_TIM_PWM_PulseFinishedCallback
                0x000000000800405c       0x12 ./Drivers/STM32F1xx_HAL_Driver/Src/stm32f1xx_hal_tim.o
                0x000000000800405c                HAL_TIM_PWM_PulseFinishedCallback
 .text.HAL_TIM_TriggerCallback
                0x000000000800406e       0x12 ./Drivers/STM32F1xx_HAL_Driver/Src/stm32f1xx_hal_tim.o
                0x000000000800406e                HAL_TIM_TriggerCallback
 .text.TIM_Base_SetConfig
                0x0000000008004080       0xc4 ./Drivers/STM32F1xx_HAL_Driver/Src/stm32f1xx_hal_tim.o
                0x0000000008004080                TIM_Base_SetConfig
 .text.TIM_OC1_SetConfig
                0x0000000008004144       0xcc ./Drivers/STM32F1xx_HAL_Driver/Src/stm32f1xx_hal_tim.o
 .text.TIM_OC2_SetConfig
                0x0000000008004210       0xd4 ./Drivers/STM32F1xx_HAL_Driver/Src/stm32f1xx_hal_tim.o
                0x0000000008004210                TIM_OC2_SetConfig
 .text.TIM_OC3_SetConfig
                0x00000000080042e4       0xd4 ./Drivers/STM32F1xx_HAL_Driver/Src/stm32f1xx_hal_tim.o
 .text.TIM_OC4_SetConfig
                0x00000000080043b8       0x9c ./Drivers/STM32F1xx_HAL_Driver/Src/stm32f1xx_hal_tim.o
 .text.TIM_TI1_ConfigInputStage
                0x0000000008004454       0x5c ./Drivers/STM32F1xx_HAL_Driver/Src/stm32f1xx_hal_tim.o
 .text.TIM_TI2_ConfigInputStage
                0x00000000080044b0       0x5e ./Drivers/STM32F1xx_HAL_Driver/Src/stm32f1xx_hal_tim.o
 .text.TIM_ITRx_SetConfig
                0x000000000800450e       0x34 ./Drivers/STM32F1xx_HAL_Driver/Src/stm32f1xx_hal_tim.o
 .text.TIM_ETR_SetConfig
                0x0000000008004542       0x3e ./Drivers/STM32F1xx_HAL_Driver/Src/stm32f1xx_hal_tim.o
                0x0000000008004542                TIM_ETR_SetConfig
 .text.TIM_CCxChannelCmd
                0x0000000008004580       0x48 ./Drivers/STM32F1xx_HAL_Driver/Src/stm32f1xx_hal_tim.o
                0x0000000008004580                TIM_CCxChannelCmd
 .text.HAL_TIMEx_MasterConfigSynchronization
                0x00000000080045c8       0xbc ./Drivers/STM32F1xx_HAL_Driver/Src/stm32f1xx_hal_tim_ex.o
                0x00000000080045c8                HAL_TIMEx_MasterConfigSynchronization
 .text.HAL_TIMEx_ConfigBreakDeadTime
                0x0000000008004684       0xa2 ./Drivers/STM32F1xx_HAL_Driver/Src/stm32f1xx_hal_tim_ex.o
                0x0000000008004684                HAL_TIMEx_ConfigBreakDeadTime
 .text.HAL_TIMEx_CommutCallback
                0x0000000008004726       0x12 ./Drivers/STM32F1xx_HAL_Driver/Src/stm32f1xx_hal_tim_ex.o
                0x0000000008004726                HAL_TIMEx_CommutCallback
 .text.HAL_TIMEx_BreakCallback
                0x0000000008004738       0x12 ./Drivers/STM32F1xx_HAL_Driver/Src/stm32f1xx_hal_tim_ex.o
                0x0000000008004738                HAL_TIMEx_BreakCallback
 .text.USB_CoreInit
                0x000000000800474a       0x20 ./Drivers/STM32F1xx_HAL_Driver/Src/stm32f1xx_ll_usb.o
                0x000000000800474a                USB_CoreInit
 .text.USB_EnableGlobalInt
                0x000000000800476a       0x2c ./Drivers/STM32F1xx_HAL_Driver/Src/stm32f1xx_ll_usb.o
                0x000000000800476a                USB_EnableGlobalInt
 .text.USB_DisableGlobalInt
                0x0000000008004796       0x34 ./Drivers/STM32F1xx_HAL_Driver/Src/stm32f1xx_ll_usb.o
                0x0000000008004796                USB_DisableGlobalInt
 .text.USB_SetCurrentMode
                0x00000000080047ca       0x18 ./Drivers/STM32F1xx_HAL_Driver/Src/stm32f1xx_ll_usb.o
                0x00000000080047ca                USB_SetCurrentMode
 .text.USB_DevInit
                0x00000000080047e2       0x40 ./Drivers/STM32F1xx_HAL_Driver/Src/stm32f1xx_ll_usb.o
                0x00000000080047e2                USB_DevInit
 *fill*         0x0000000008004822        0x2 
 .text.USB_ActivateEndpoint
                0x0000000008004824      0x780 ./Drivers/STM32F1xx_HAL_Driver/Src/stm32f1xx_ll_usb.o
                0x0000000008004824                USB_ActivateEndpoint
 .text.USB_DeactivateEndpoint
                0x0000000008004fa4      0x3d8 ./Drivers/STM32F1xx_HAL_Driver/Src/stm32f1xx_ll_usb.o
                0x0000000008004fa4                USB_DeactivateEndpoint
 .text.USB_EPStartXfer
                0x000000000800537c     0x1762 ./Drivers/STM32F1xx_HAL_Driver/Src/stm32f1xx_ll_usb.o
                0x000000000800537c                USB_EPStartXfer
 .text.USB_EPSetStall
                0x0000000008006ade       0xa0 ./Drivers/STM32F1xx_HAL_Driver/Src/stm32f1xx_ll_usb.o
                0x0000000008006ade                USB_EPSetStall
 .text.USB_EPClearStall
                0x0000000008006b7e      0x15a ./Drivers/STM32F1xx_HAL_Driver/Src/stm32f1xx_ll_usb.o
                0x0000000008006b7e                USB_EPClearStall
 .text.USB_SetDevAddress
                0x0000000008006cd8       0x26 ./Drivers/STM32F1xx_HAL_Driver/Src/stm32f1xx_ll_usb.o
                0x0000000008006cd8                USB_SetDevAddress
 .text.USB_DevConnect
                0x0000000008006cfe       0x14 ./Drivers/STM32F1xx_HAL_Driver/Src/stm32f1xx_ll_usb.o
                0x0000000008006cfe                USB_DevConnect
 .text.USB_DevDisconnect
                0x0000000008006d12       0x14 ./Drivers/STM32F1xx_HAL_Driver/Src/stm32f1xx_ll_usb.o
                0x0000000008006d12                USB_DevDisconnect
 .text.USB_ReadInterrupts
                0x0000000008006d26       0x1e ./Drivers/STM32F1xx_HAL_Driver/Src/stm32f1xx_ll_usb.o
                0x0000000008006d26                USB_ReadInterrupts
 .text.USB_EP0_OutStart
                0x0000000008006d44       0x16 ./Drivers/STM32F1xx_HAL_Driver/Src/stm32f1xx_ll_usb.o
                0x0000000008006d44                USB_EP0_OutStart
 .text.USB_WritePMA
                0x0000000008006d5a       0x8a ./Drivers/STM32F1xx_HAL_Driver/Src/stm32f1xx_ll_usb.o
                0x0000000008006d5a                USB_WritePMA
 .text.USB_ReadPMA
                0x0000000008006de4       0x9e ./Drivers/STM32F1xx_HAL_Driver/Src/stm32f1xx_ll_usb.o
                0x0000000008006de4                USB_ReadPMA
 .text.USBD_CDC_Init
                0x0000000008006e82       0xf4 ./Middlewares/ST/STM32_USB_Device_Library/Class/CDC/Src/usbd_cdc.o
 .text.USBD_CDC_DeInit
                0x0000000008006f76       0x6e ./Middlewares/ST/STM32_USB_Device_Library/Class/CDC/Src/usbd_cdc.o
 .text.USBD_CDC_Setup
                0x0000000008006fe4      0x146 ./Middlewares/ST/STM32_USB_Device_Library/Class/CDC/Src/usbd_cdc.o
 .text.USBD_CDC_DataIn
                0x000000000800712a       0xa6 ./Middlewares/ST/STM32_USB_Device_Library/Class/CDC/Src/usbd_cdc.o
 .text.USBD_CDC_DataOut
                0x00000000080071d0       0x56 ./Middlewares/ST/STM32_USB_Device_Library/Class/CDC/Src/usbd_cdc.o
 .text.USBD_CDC_EP0_RxReady
                0x0000000008007226       0x50 ./Middlewares/ST/STM32_USB_Device_Library/Class/CDC/Src/usbd_cdc.o
 *fill*         0x0000000008007276        0x2 
 .text.USBD_CDC_GetFSCfgDesc
                0x0000000008007278       0x20 ./Middlewares/ST/STM32_USB_Device_Library/Class/CDC/Src/usbd_cdc.o
 .text.USBD_CDC_GetHSCfgDesc
                0x0000000008007298       0x20 ./Middlewares/ST/STM32_USB_Device_Library/Class/CDC/Src/usbd_cdc.o
 .text.USBD_CDC_GetOtherSpeedCfgDesc
                0x00000000080072b8       0x20 ./Middlewares/ST/STM32_USB_Device_Library/Class/CDC/Src/usbd_cdc.o
 .text.USBD_CDC_GetDeviceQualifierDescriptor
                0x00000000080072d8       0x20 ./Middlewares/ST/STM32_USB_Device_Library/Class/CDC/Src/usbd_cdc.o
                0x00000000080072d8                USBD_CDC_GetDeviceQualifierDescriptor
 .text.USBD_CDC_RegisterInterface
                0x00000000080072f8       0x2c ./Middlewares/ST/STM32_USB_Device_Library/Class/CDC/Src/usbd_cdc.o
                0x00000000080072f8                USBD_CDC_RegisterInterface
 .text.USBD_CDC_SetTxBuffer
                0x0000000008007324       0x32 ./Middlewares/ST/STM32_USB_Device_Library/Class/CDC/Src/usbd_cdc.o
                0x0000000008007324                USBD_CDC_SetTxBuffer
 .text.USBD_CDC_SetRxBuffer
                0x0000000008007356       0x26 ./Middlewares/ST/STM32_USB_Device_Library/Class/CDC/Src/usbd_cdc.o
                0x0000000008007356                USBD_CDC_SetRxBuffer
 .text.USBD_CDC_ReceivePacket
                0x000000000800737c       0x54 ./Middlewares/ST/STM32_USB_Device_Library/Class/CDC/Src/usbd_cdc.o
                0x000000000800737c                USBD_CDC_ReceivePacket
 .text.USBD_Init
                0x00000000080073d0       0x56 ./Middlewares/ST/STM32_USB_Device_Library/Core/Src/usbd_core.o
                0x00000000080073d0                USBD_Init
 .text.USBD_RegisterClass
                0x0000000008007426       0x32 ./Middlewares/ST/STM32_USB_Device_Library/Core/Src/usbd_core.o
                0x0000000008007426                USBD_RegisterClass
 .text.USBD_Start
                0x0000000008007458       0x18 ./Middlewares/ST/STM32_USB_Device_Library/Core/Src/usbd_core.o
                0x0000000008007458                USBD_Start
 .text.USBD_RunTestMode
                0x0000000008007470       0x14 ./Middlewares/ST/STM32_USB_Device_Library/Core/Src/usbd_core.o
                0x0000000008007470                USBD_RunTestMode
 .text.USBD_SetClassConfig
                0x0000000008007484       0x3e ./Middlewares/ST/STM32_USB_Device_Library/Core/Src/usbd_core.o
                0x0000000008007484                USBD_SetClassConfig
 .text.USBD_ClrClassConfig
                0x00000000080074c2       0x26 ./Middlewares/ST/STM32_USB_Device_Library/Core/Src/usbd_core.o
                0x00000000080074c2                USBD_ClrClassConfig
 .text.USBD_LL_SetupStage
                0x00000000080074e8       0x9a ./Middlewares/ST/STM32_USB_Device_Library/Core/Src/usbd_core.o
                0x00000000080074e8                USBD_LL_SetupStage
 .text.USBD_LL_DataOutStage
                0x0000000008007582       0xe2 ./Middlewares/ST/STM32_USB_Device_Library/Core/Src/usbd_core.o
                0x0000000008007582                USBD_LL_DataOutStage
 .text.USBD_LL_DataInStage
                0x0000000008007664      0x14a ./Middlewares/ST/STM32_USB_Device_Library/Core/Src/usbd_core.o
                0x0000000008007664                USBD_LL_DataInStage
 .text.USBD_LL_Reset
                0x00000000080077ae       0x82 ./Middlewares/ST/STM32_USB_Device_Library/Core/Src/usbd_core.o
                0x00000000080077ae                USBD_LL_Reset
 .text.USBD_LL_SetSpeed
                0x0000000008007830       0x1e ./Middlewares/ST/STM32_USB_Device_Library/Core/Src/usbd_core.o
                0x0000000008007830                USBD_LL_SetSpeed
 .text.USBD_LL_Suspend
                0x000000000800784e       0x28 ./Middlewares/ST/STM32_USB_Device_Library/Core/Src/usbd_core.o
                0x000000000800784e                USBD_LL_Suspend
 .text.USBD_LL_Resume
                0x0000000008007876       0x2a ./Middlewares/ST/STM32_USB_Device_Library/Core/Src/usbd_core.o
                0x0000000008007876                USBD_LL_Resume
 .text.USBD_LL_SOF
                0x00000000080078a0       0x34 ./Middlewares/ST/STM32_USB_Device_Library/Core/Src/usbd_core.o
                0x00000000080078a0                USBD_LL_SOF
 .text.USBD_StdDevReq
                0x00000000080078d4       0xd4 ./Middlewares/ST/STM32_USB_Device_Library/Core/Src/usbd_ctlreq.o
                0x00000000080078d4                USBD_StdDevReq
 .text.USBD_StdItfReq
                0x00000000080079a8       0x90 ./Middlewares/ST/STM32_USB_Device_Library/Core/Src/usbd_ctlreq.o
                0x00000000080079a8                USBD_StdItfReq
 .text.USBD_StdEPReq
                0x0000000008007a38      0x2c6 ./Middlewares/ST/STM32_USB_Device_Library/Core/Src/usbd_ctlreq.o
                0x0000000008007a38                USBD_StdEPReq
 *fill*         0x0000000008007cfe        0x2 
 .text.USBD_GetDescriptor
                0x0000000008007d00      0x2d0 ./Middlewares/ST/STM32_USB_Device_Library/Core/Src/usbd_ctlreq.o
 .text.USBD_SetAddress
                0x0000000008007fd0       0x86 ./Middlewares/ST/STM32_USB_Device_Library/Core/Src/usbd_ctlreq.o
 *fill*         0x0000000008008056        0x2 
 .text.USBD_SetConfig
                0x0000000008008058      0x11c ./Middlewares/ST/STM32_USB_Device_Library/Core/Src/usbd_ctlreq.o
 .text.USBD_GetConfig
                0x0000000008008174       0x6a ./Middlewares/ST/STM32_USB_Device_Library/Core/Src/usbd_ctlreq.o
 .text.USBD_GetStatus
                0x00000000080081de       0x66 ./Middlewares/ST/STM32_USB_Device_Library/Core/Src/usbd_ctlreq.o
 .text.USBD_SetFeature
                0x0000000008008244       0x28 ./Middlewares/ST/STM32_USB_Device_Library/Core/Src/usbd_ctlreq.o
 .text.USBD_ClrFeature
                0x000000000800826c       0x42 ./Middlewares/ST/STM32_USB_Device_Library/Core/Src/usbd_ctlreq.o
 .text.USBD_ParseSetupRequest
                0x00000000080082ae       0x78 ./Middlewares/ST/STM32_USB_Device_Library/Core/Src/usbd_ctlreq.o
                0x00000000080082ae                USBD_ParseSetupRequest
 .text.USBD_CtlError
                0x0000000008008326       0x22 ./Middlewares/ST/STM32_USB_Device_Library/Core/Src/usbd_ctlreq.o
                0x0000000008008326                USBD_CtlError
 .text.USBD_GetString
                0x0000000008008348       0x84 ./Middlewares/ST/STM32_USB_Device_Library/Core/Src/usbd_ctlreq.o
                0x0000000008008348                USBD_GetString
 .text.USBD_GetLen
                0x00000000080083cc       0x2e ./Middlewares/ST/STM32_USB_Device_Library/Core/Src/usbd_ctlreq.o
 .text.USBD_CtlSendData
                0x00000000080083fa       0x38 ./Middlewares/ST/STM32_USB_Device_Library/Core/Src/usbd_ioreq.o
                0x00000000080083fa                USBD_CtlSendData
 .text.USBD_CtlContinueSendData
                0x0000000008008432       0x24 ./Middlewares/ST/STM32_USB_Device_Library/Core/Src/usbd_ioreq.o
                0x0000000008008432                USBD_CtlContinueSendData
 .text.USBD_CtlPrepareRx
                0x0000000008008456       0x3c ./Middlewares/ST/STM32_USB_Device_Library/Core/Src/usbd_ioreq.o
                0x0000000008008456                USBD_CtlPrepareRx
 .text.USBD_CtlContinueRx
                0x0000000008008492       0x24 ./Middlewares/ST/STM32_USB_Device_Library/Core/Src/usbd_ioreq.o
                0x0000000008008492                USBD_CtlContinueRx
 .text.USBD_CtlSendStatus
                0x00000000080084b6       0x26 ./Middlewares/ST/STM32_USB_Device_Library/Core/Src/usbd_ioreq.o
                0x00000000080084b6                USBD_CtlSendStatus
 .text.USBD_CtlReceiveStatus
                0x00000000080084dc       0x26 ./Middlewares/ST/STM32_USB_Device_Library/Core/Src/usbd_ioreq.o
                0x00000000080084dc                USBD_CtlReceiveStatus
 *fill*         0x0000000008008502        0x2 
 .text.MX_USB_DEVICE_Init
                0x0000000008008504       0x60 ./USB_DEVICE/App/usb_device.o
                0x0000000008008504                MX_USB_DEVICE_Init
 .text.CDC_Init_FS
                0x0000000008008564       0x28 ./USB_DEVICE/App/usbd_cdc_if.o
 .text.CDC_DeInit_FS
                0x000000000800858c        0xe ./USB_DEVICE/App/usbd_cdc_if.o
 *fill*         0x000000000800859a        0x2 
 .text.CDC_Control_FS
                0x000000000800859c       0xbc ./USB_DEVICE/App/usbd_cdc_if.o
 .text.CDC_Receive_FS
                0x0000000008008658       0x94 ./USB_DEVICE/App/usbd_cdc_if.o
 .text.USBD_FS_DeviceDescriptor
                0x00000000080086ec       0x24 ./USB_DEVICE/App/usbd_desc.o
                0x00000000080086ec                USBD_FS_DeviceDescriptor
 .text.USBD_FS_LangIDStrDescriptor
                0x0000000008008710       0x24 ./USB_DEVICE/App/usbd_desc.o
                0x0000000008008710                USBD_FS_LangIDStrDescriptor
 .text.USBD_FS_ProductStrDescriptor
                0x0000000008008734       0x3c ./USB_DEVICE/App/usbd_desc.o
                0x0000000008008734                USBD_FS_ProductStrDescriptor
 .text.USBD_FS_ManufacturerStrDescriptor
                0x0000000008008770       0x28 ./USB_DEVICE/App/usbd_desc.o
                0x0000000008008770                USBD_FS_ManufacturerStrDescriptor
 .text.USBD_FS_SerialStrDescriptor
                0x0000000008008798       0x24 ./USB_DEVICE/App/usbd_desc.o
                0x0000000008008798                USBD_FS_SerialStrDescriptor
 .text.USBD_FS_ConfigStrDescriptor
                0x00000000080087bc       0x3c ./USB_DEVICE/App/usbd_desc.o
                0x00000000080087bc                USBD_FS_ConfigStrDescriptor
 .text.USBD_FS_InterfaceStrDescriptor
                0x00000000080087f8       0x3c ./USB_DEVICE/App/usbd_desc.o
                0x00000000080087f8                USBD_FS_InterfaceStrDescriptor
 .text.Get_SerialNum
                0x0000000008008834       0x58 ./USB_DEVICE/App/usbd_desc.o
 .text.IntToUnicode
                0x000000000800888c       0x7c ./USB_DEVICE/App/usbd_desc.o
 .text.HAL_PCD_MspInit
                0x0000000008008908       0x4c ./USB_DEVICE/Target/usbd_conf.o
                0x0000000008008908                HAL_PCD_MspInit
 .text.HAL_PCD_SetupStageCallback
                0x0000000008008954       0x24 ./USB_DEVICE/Target/usbd_conf.o
                0x0000000008008954                HAL_PCD_SetupStageCallback
 .text.HAL_PCD_DataOutStageCallback
                0x0000000008008978       0x36 ./USB_DEVICE/Target/usbd_conf.o
                0x0000000008008978                HAL_PCD_DataOutStageCallback
 .text.HAL_PCD_DataInStageCallback
                0x00000000080089ae       0x34 ./USB_DEVICE/Target/usbd_conf.o
                0x00000000080089ae                HAL_PCD_DataInStageCallback
 .text.HAL_PCD_SOFCallback
                0x00000000080089e2       0x1c ./USB_DEVICE/Target/usbd_conf.o
                0x00000000080089e2                HAL_PCD_SOFCallback
 .text.HAL_PCD_ResetCallback
                0x00000000080089fe       0x3c ./USB_DEVICE/Target/usbd_conf.o
                0x00000000080089fe                HAL_PCD_ResetCallback
 *fill*         0x0000000008008a3a        0x2 
 .text.HAL_PCD_SuspendCallback
                0x0000000008008a3c       0x34 ./USB_DEVICE/Target/usbd_conf.o
                0x0000000008008a3c                HAL_PCD_SuspendCallback
 .text.HAL_PCD_ResumeCallback
                0x0000000008008a70       0x1c ./USB_DEVICE/Target/usbd_conf.o
                0x0000000008008a70                HAL_PCD_ResumeCallback
 .text.USBD_LL_Init
                0x0000000008008a8c       0xb4 ./USB_DEVICE/Target/usbd_conf.o
                0x0000000008008a8c                USBD_LL_Init
 .text.USBD_LL_Start
                0x0000000008008b40       0x36 ./USB_DEVICE/Target/usbd_conf.o
                0x0000000008008b40                USBD_LL_Start
 .text.USBD_LL_OpenEP
                0x0000000008008b76       0x4c ./USB_DEVICE/Target/usbd_conf.o
                0x0000000008008b76                USBD_LL_OpenEP
 .text.USBD_LL_CloseEP
                0x0000000008008bc2       0x3e ./USB_DEVICE/Target/usbd_conf.o
                0x0000000008008bc2                USBD_LL_CloseEP
 .text.USBD_LL_StallEP
                0x0000000008008c00       0x3e ./USB_DEVICE/Target/usbd_conf.o
                0x0000000008008c00                USBD_LL_StallEP
 .text.USBD_LL_ClearStallEP
                0x0000000008008c3e       0x3e ./USB_DEVICE/Target/usbd_conf.o
                0x0000000008008c3e                USBD_LL_ClearStallEP
 .text.USBD_LL_IsStallEP
                0x0000000008008c7c       0x58 ./USB_DEVICE/Target/usbd_conf.o
                0x0000000008008c7c                USBD_LL_IsStallEP
 .text.USBD_LL_SetUSBAddress
                0x0000000008008cd4       0x3e ./USB_DEVICE/Target/usbd_conf.o
                0x0000000008008cd4                USBD_LL_SetUSBAddress
 .text.USBD_LL_Transmit
                0x0000000008008d12       0x46 ./USB_DEVICE/Target/usbd_conf.o
                0x0000000008008d12                USBD_LL_Transmit
 .text.USBD_LL_PrepareReceive
                0x0000000008008d58       0x46 ./USB_DEVICE/Target/usbd_conf.o
                0x0000000008008d58                USBD_LL_PrepareReceive
 .text.USBD_LL_GetRxDataSize
                0x0000000008008d9e       0x26 ./USB_DEVICE/Target/usbd_conf.o
                0x0000000008008d9e                USBD_LL_GetRxDataSize
 .text.USBD_static_malloc
                0x0000000008008dc4       0x18 ./USB_DEVICE/Target/usbd_conf.o
                0x0000000008008dc4                USBD_static_malloc
 .text.USBD_static_free
                0x0000000008008ddc       0x12 ./USB_DEVICE/Target/usbd_conf.o
                0x0000000008008ddc                USBD_static_free
 .text.HAL_PCDEx_SetConnectionState
                0x0000000008008dee       0x16 ./USB_DEVICE/Target/usbd_conf.o
                0x0000000008008dee                HAL_PCDEx_SetConnectionState
 .text.USBD_Get_USB_Status
                0x0000000008008e04       0x58 ./USB_DEVICE/Target/usbd_conf.o
 .text.memset   0x0000000008008e5c       0x10 C:/ST/STM32CubeIDE_1.14.1/STM32CubeIDE/plugins/com.st.stm32cube.ide.mcu.externaltools.gnu-tools-for-stm32.11.3.rel1.win32_1.1.100.202309141235/tools/bin/../lib/gcc/arm-none-eabi/11.3.1/../../../../arm-none-eabi/lib/thumb/v7-m/nofp\libc_nano.a(libc_a-memset.o)
                0x0000000008008e5c                memset
 .text.__libc_init_array
                0x0000000008008e6c       0x48 C:/ST/STM32CubeIDE_1.14.1/STM32CubeIDE/plugins/com.st.stm32cube.ide.mcu.externaltools.gnu-tools-for-stm32.11.3.rel1.win32_1.1.100.202309141235/tools/bin/../lib/gcc/arm-none-eabi/11.3.1/../../../../arm-none-eabi/lib/thumb/v7-m/nofp\libc_nano.a(libc_a-init.o)
                0x0000000008008e6c                __libc_init_array
 .text.memcpy   0x0000000008008eb4       0x1c C:/ST/STM32CubeIDE_1.14.1/STM32CubeIDE/plugins/com.st.stm32cube.ide.mcu.externaltools.gnu-tools-for-stm32.11.3.rel1.win32_1.1.100.202309141235/tools/bin/../lib/gcc/arm-none-eabi/11.3.1/../../../../arm-none-eabi/lib/thumb/v7-m/nofp\libc_nano.a(libc_a-memcpy-stub.o)
                0x0000000008008eb4                memcpy
 *(.glue_7)
 .glue_7        0x0000000008008ed0        0x0 linker stubs
 *(.glue_7t)
 .glue_7t       0x0000000008008ed0        0x0 linker stubs
 *(.eh_frame)
 .eh_frame      0x0000000008008ed0        0x0 C:/ST/STM32CubeIDE_1.14.1/STM32CubeIDE/plugins/com.st.stm32cube.ide.mcu.externaltools.gnu-tools-for-stm32.11.3.rel1.win32_1.1.100.202309141235/tools/bin/../lib/gcc/arm-none-eabi/11.3.1/thumb/v7-m/nofp/crtbegin.o
 *(.init)
 .init          0x0000000008008ed0        0x4 C:/ST/STM32CubeIDE_1.14.1/STM32CubeIDE/plugins/com.st.stm32cube.ide.mcu.externaltools.gnu-tools-for-stm32.11.3.rel1.win32_1.1.100.202309141235/tools/bin/../lib/gcc/arm-none-eabi/11.3.1/thumb/v7-m/nofp/crti.o
                0x0000000008008ed0                _init
 .init          0x0000000008008ed4        0x8 C:/ST/STM32CubeIDE_1.14.1/STM32CubeIDE/plugins/com.st.stm32cube.ide.mcu.externaltools.gnu-tools-for-stm32.11.3.rel1.win32_1.1.100.202309141235/tools/bin/../lib/gcc/arm-none-eabi/11.3.1/thumb/v7-m/nofp/crtn.o
 *(.fini)
 .fini          0x0000000008008edc        0x4 C:/ST/STM32CubeIDE_1.14.1/STM32CubeIDE/plugins/com.st.stm32cube.ide.mcu.externaltools.gnu-tools-for-stm32.11.3.rel1.win32_1.1.100.202309141235/tools/bin/../lib/gcc/arm-none-eabi/11.3.1/thumb/v7-m/nofp/crti.o
                0x0000000008008edc                _fini
 .fini          0x0000000008008ee0        0x8 C:/ST/STM32CubeIDE_1.14.1/STM32CubeIDE/plugins/com.st.stm32cube.ide.mcu.externaltools.gnu-tools-for-stm32.11.3.rel1.win32_1.1.100.202309141235/tools/bin/../lib/gcc/arm-none-eabi/11.3.1/thumb/v7-m/nofp/crtn.o
                0x0000000008008ee8                . = ALIGN (0x4)
                0x0000000008008ee8                _etext = .

.vfp11_veneer   0x0000000008008ee8        0x0
 .vfp11_veneer  0x0000000008008ee8        0x0 linker stubs

.v4_bx          0x0000000008008ee8        0x0
 .v4_bx         0x0000000008008ee8        0x0 linker stubs

.iplt           0x0000000008008ee8        0x0
 .iplt          0x0000000008008ee8        0x0 C:/ST/STM32CubeIDE_1.14.1/STM32CubeIDE/plugins/com.st.stm32cube.ide.mcu.externaltools.gnu-tools-for-stm32.11.3.rel1.win32_1.1.100.202309141235/tools/bin/../lib/gcc/arm-none-eabi/11.3.1/thumb/v7-m/nofp/crtbegin.o

.rodata         0x0000000008008ee8       0x6c
                0x0000000008008ee8                . = ALIGN (0x4)
 *(.rodata)
 .rodata        0x0000000008008ee8       0x46 ./USB_DEVICE/App/usbd_desc.o
 *(.rodata*)
 *fill*         0x0000000008008f2e        0x2 
 .rodata.AHBPrescTable
                0x0000000008008f30       0x10 ./Core/Src/system_stm32f1xx.o
                0x0000000008008f30                AHBPrescTable
 .rodata.aPLLMULFactorTable.1
                0x0000000008008f40       0x10 ./Drivers/STM32F1xx_HAL_Driver/Src/stm32f1xx_hal_rcc.o
 .rodata.aPredivFactorTable.0
                0x0000000008008f50        0x2 ./Drivers/STM32F1xx_HAL_Driver/Src/stm32f1xx_hal_rcc.o
                0x0000000008008f54                . = ALIGN (0x4)
 *fill*         0x0000000008008f52        0x2 

.rel.dyn        0x0000000008008f54        0x0
 .rel.iplt      0x0000000008008f54        0x0 C:/ST/STM32CubeIDE_1.14.1/STM32CubeIDE/plugins/com.st.stm32cube.ide.mcu.externaltools.gnu-tools-for-stm32.11.3.rel1.win32_1.1.100.202309141235/tools/bin/../lib/gcc/arm-none-eabi/11.3.1/thumb/v7-m/nofp/crtbegin.o

.ARM.extab      0x0000000008008f54        0x0
                0x0000000008008f54                . = ALIGN (0x4)
 *(.ARM.extab* .gnu.linkonce.armextab.*)
                0x0000000008008f54                . = ALIGN (0x4)

.ARM            0x0000000008008f54        0x0
                0x0000000008008f54                . = ALIGN (0x4)
                0x0000000008008f54                __exidx_start = .
 *(.ARM.exidx*)
                0x0000000008008f54                __exidx_end = .
                0x0000000008008f54                . = ALIGN (0x4)

.preinit_array  0x0000000008008f54        0x0
                0x0000000008008f54                . = ALIGN (0x4)
                0x0000000008008f54                PROVIDE (__preinit_array_start = .)
 *(.preinit_array*)
                0x0000000008008f54                PROVIDE (__preinit_array_end = .)
                0x0000000008008f54                . = ALIGN (0x4)

.init_array     0x0000000008008f54        0x4
                0x0000000008008f54                . = ALIGN (0x4)
                0x0000000008008f54                PROVIDE (__init_array_start = .)
 *(SORT_BY_NAME(.init_array.*))
 *(.init_array*)
 .init_array    0x0000000008008f54        0x4 C:/ST/STM32CubeIDE_1.14.1/STM32CubeIDE/plugins/com.st.stm32cube.ide.mcu.externaltools.gnu-tools-for-stm32.11.3.rel1.win32_1.1.100.202309141235/tools/bin/../lib/gcc/arm-none-eabi/11.3.1/thumb/v7-m/nofp/crtbegin.o
                0x0000000008008f58                PROVIDE (__init_array_end = .)
                0x0000000008008f58                . = ALIGN (0x4)

.fini_array     0x0000000008008f58        0x4
                0x0000000008008f58                . = ALIGN (0x4)
                [!provide]                        PROVIDE (__fini_array_start = .)
 *(SORT_BY_NAME(.fini_array.*))
 *(.fini_array*)
 .fini_array    0x0000000008008f58        0x4 C:/ST/STM32CubeIDE_1.14.1/STM32CubeIDE/plugins/com.st.stm32cube.ide.mcu.externaltools.gnu-tools-for-stm32.11.3.rel1.win32_1.1.100.202309141235/tools/bin/../lib/gcc/arm-none-eabi/11.3.1/thumb/v7-m/nofp/crtbegin.o
                [!provide]                        PROVIDE (__fini_array_end = .)
                0x0000000008008f5c                . = ALIGN (0x4)
                0x0000000008008f5c                _sidata = LOADADDR (.data)

.data           0x0000000020000000      0x184 load address 0x0000000008008f5c
                0x0000000020000000                . = ALIGN (0x4)
                0x0000000020000000                _sdata = .
 *(.data)
 *(.data*)
 .data.spi_buf  0x0000000020000000        0x7 ./Core/Src/main.o
                0x0000000020000000                spi_buf
 *fill*         0x0000000020000007        0x1 
 .data.SystemCoreClock
                0x0000000020000008        0x4 ./Core/Src/system_stm32f1xx.o
                0x0000000020000008                SystemCoreClock
 .data.uwTickPrio
                0x000000002000000c        0x4 ./Drivers/STM32F1xx_HAL_Driver/Src/stm32f1xx_hal.o
                0x000000002000000c                uwTickPrio
 .data.uwTickFreq
                0x0000000020000010        0x1 ./Drivers/STM32F1xx_HAL_Driver/Src/stm32f1xx_hal.o
                0x0000000020000010                uwTickFreq
 *fill*         0x0000000020000011        0x3 
 .data.USBD_CDC_DeviceQualifierDesc
                0x0000000020000014        0xa ./Middlewares/ST/STM32_USB_Device_Library/Class/CDC/Src/usbd_cdc.o
 *fill*         0x000000002000001e        0x2 
 .data.USBD_CDC
                0x0000000020000020       0x38 ./Middlewares/ST/STM32_USB_Device_Library/Class/CDC/Src/usbd_cdc.o
                0x0000000020000020                USBD_CDC
 .data.USBD_CDC_CfgHSDesc
                0x0000000020000058       0x43 ./Middlewares/ST/STM32_USB_Device_Library/Class/CDC/Src/usbd_cdc.o
                0x0000000020000058                USBD_CDC_CfgHSDesc
 *fill*         0x000000002000009b        0x1 
 .data.USBD_CDC_CfgFSDesc
                0x000000002000009c       0x43 ./Middlewares/ST/STM32_USB_Device_Library/Class/CDC/Src/usbd_cdc.o
                0x000000002000009c                USBD_CDC_CfgFSDesc
 *fill*         0x00000000200000df        0x1 
 .data.USBD_CDC_OtherSpeedCfgDesc
                0x00000000200000e0       0x43 ./Middlewares/ST/STM32_USB_Device_Library/Class/CDC/Src/usbd_cdc.o
                0x00000000200000e0                USBD_CDC_OtherSpeedCfgDesc
 *fill*         0x0000000020000123        0x1 
 .data.USBD_Interface_fops_FS
                0x0000000020000124       0x10 ./USB_DEVICE/App/usbd_cdc_if.o
                0x0000000020000124                USBD_Interface_fops_FS
 .data.FS_Desc  0x0000000020000134       0x1c ./USB_DEVICE/App/usbd_desc.o
                0x0000000020000134                FS_Desc
 .data.USBD_FS_DeviceDesc
                0x0000000020000150       0x12 ./USB_DEVICE/App/usbd_desc.o
                0x0000000020000150                USBD_FS_DeviceDesc
 *fill*         0x0000000020000162        0x2 
 .data.USBD_LangIDDesc
                0x0000000020000164        0x4 ./USB_DEVICE/App/usbd_desc.o
                0x0000000020000164                USBD_LangIDDesc
 .data.USBD_StringSerial
                0x0000000020000168       0x1a ./USB_DEVICE/App/usbd_desc.o
                0x0000000020000168                USBD_StringSerial
 *(.RamFunc)
 *(.RamFunc*)
                0x0000000020000184                . = ALIGN (0x4)
 *fill*         0x0000000020000182        0x2 
                0x0000000020000184                _edata = .

.igot.plt       0x0000000020000184        0x0 load address 0x00000000080090e0
 .igot.plt      0x0000000020000184        0x0 C:/ST/STM32CubeIDE_1.14.1/STM32CubeIDE/plugins/com.st.stm32cube.ide.mcu.externaltools.gnu-tools-for-stm32.11.3.rel1.win32_1.1.100.202309141235/tools/bin/../lib/gcc/arm-none-eabi/11.3.1/thumb/v7-m/nofp/crtbegin.o
                0x0000000020000184                . = ALIGN (0x4)

.bss            0x0000000020000184     0x12a8 load address 0x00000000080090e0
                0x0000000020000184                _sbss = .
                0x0000000020000184                __bss_start__ = _sbss
 *(.bss)
 .bss           0x0000000020000184       0x1c C:/ST/STM32CubeIDE_1.14.1/STM32CubeIDE/plugins/com.st.stm32cube.ide.mcu.externaltools.gnu-tools-for-stm32.11.3.rel1.win32_1.1.100.202309141235/tools/bin/../lib/gcc/arm-none-eabi/11.3.1/thumb/v7-m/nofp/crtbegin.o
 *(.bss*)
 .bss.spi_OUT   0x00000000200001a0        0x5 ./Core/Src/main.o
                0x00000000200001a0                spi_OUT
 *fill*         0x00000000200001a5        0x3 
 .bss.spi_func  0x00000000200001a8        0x1 ./Core/Src/main.o
                0x00000000200001a8                spi_func
 *fill*         0x00000000200001a9        0x3 
 .bss.NBUTE     0x00000000200001ac        0x1 ./Core/Src/main.o
                0x00000000200001ac                NBUTE
 .bss.priznak   0x00000000200001ad        0x1 ./Core/Src/main.o
                0x00000000200001ad                priznak
 *fill*         0x00000000200001ae        0x2 
 .bss.hspi1     0x00000000200001b0       0x58 ./Core/Src/main.o
                0x00000000200001b0                hspi1
 .bss.htim1     0x0000000020000208       0x48 ./Core/Src/main.o
                0x0000000020000208                htim1
 .bss.uwTick    0x0000000020000250        0x4 ./Drivers/STM32F1xx_HAL_Driver/Src/stm32f1xx_hal.o
                0x0000000020000250                uwTick
 .bss.cfgidx.0  0x0000000020000254        0x1 ./Middlewares/ST/STM32_USB_Device_Library/Core/Src/usbd_ctlreq.o
 *fill*         0x0000000020000255        0x3 
 .bss.hUsbDeviceFS
                0x0000000020000258      0x2c4 ./USB_DEVICE/App/usb_device.o
                0x0000000020000258                hUsbDeviceFS
 .bss.UserRxBufferFS
                0x000000002000051c      0x400 ./USB_DEVICE/App/usbd_cdc_if.o
                0x000000002000051c                UserRxBufferFS
 .bss.UserTxBufferFS
                0x000000002000091c      0x400 ./USB_DEVICE/App/usbd_cdc_if.o
                0x000000002000091c                UserTxBufferFS
 .bss.USBD_StrDesc
                0x0000000020000d1c      0x200 ./USB_DEVICE/App/usbd_desc.o
                0x0000000020000d1c                USBD_StrDesc
 .bss.hpcd_USB_FS
                0x0000000020000f1c      0x2f0 ./USB_DEVICE/Target/usbd_conf.o
                0x0000000020000f1c                hpcd_USB_FS
 .bss.mem.0     0x000000002000120c      0x220 ./USB_DEVICE/Target/usbd_conf.o
 *(COMMON)
                0x000000002000142c                . = ALIGN (0x4)
                0x000000002000142c                _ebss = .
                0x000000002000142c                __bss_end__ = _ebss

._user_heap_stack
                0x000000002000142c      0x604 load address 0x00000000080090e0
                0x0000000020001430                . = ALIGN (0x8)
 *fill*         0x000000002000142c        0x4 
                [!provide]                        PROVIDE (end = .)
                0x0000000020001430                PROVIDE (_end = .)
                0x0000000020001630                . = (. + _Min_Heap_Size)
 *fill*         0x0000000020001430      0x200 
                0x0000000020001a30                . = (. + _Min_Stack_Size)
 *fill*         0x0000000020001630      0x400 
                0x0000000020001a30                . = ALIGN (0x8)

/DISCARD/
 libc.a(*)
 libm.a(*)
 libgcc.a(*)

.ARM.attributes
                0x0000000000000000       0x29
 *(.ARM.attributes)
 .ARM.attributes
                0x0000000000000000       0x1d C:/ST/STM32CubeIDE_1.14.1/STM32CubeIDE/plugins/com.st.stm32cube.ide.mcu.externaltools.gnu-tools-for-stm32.11.3.rel1.win32_1.1.100.202309141235/tools/bin/../lib/gcc/arm-none-eabi/11.3.1/thumb/v7-m/nofp/crti.o
 .ARM.attributes
                0x000000000000001d       0x2d C:/ST/STM32CubeIDE_1.14.1/STM32CubeIDE/plugins/com.st.stm32cube.ide.mcu.externaltools.gnu-tools-for-stm32.11.3.rel1.win32_1.1.100.202309141235/tools/bin/../lib/gcc/arm-none-eabi/11.3.1/thumb/v7-m/nofp/crtbegin.o
 .ARM.attributes
                0x000000000000004a       0x2d ./Core/Src/main.o
 .ARM.attributes
                0x0000000000000077       0x2d ./Core/Src/stm32f1xx_hal_msp.o
 .ARM.attributes
                0x00000000000000a4       0x2d ./Core/Src/stm32f1xx_it.o
 .ARM.attributes
                0x00000000000000d1       0x2d ./Core/Src/system_stm32f1xx.o
 .ARM.attributes
                0x00000000000000fe       0x21 ./Core/Startup/startup_stm32f103c8tx.o
 .ARM.attributes
                0x000000000000011f       0x2d ./Drivers/STM32F1xx_HAL_Driver/Src/stm32f1xx_hal.o
 .ARM.attributes
                0x000000000000014c       0x2d ./Drivers/STM32F1xx_HAL_Driver/Src/stm32f1xx_hal_cortex.o
 .ARM.attributes
                0x0000000000000179       0x2d ./Drivers/STM32F1xx_HAL_Driver/Src/stm32f1xx_hal_gpio.o
 .ARM.attributes
                0x00000000000001a6       0x2d ./Drivers/STM32F1xx_HAL_Driver/Src/stm32f1xx_hal_pcd.o
 .ARM.attributes
                0x00000000000001d3       0x2d ./Drivers/STM32F1xx_HAL_Driver/Src/stm32f1xx_hal_pcd_ex.o
 .ARM.attributes
                0x0000000000000200       0x2d ./Drivers/STM32F1xx_HAL_Driver/Src/stm32f1xx_hal_rcc.o
 .ARM.attributes
                0x000000000000022d       0x2d ./Drivers/STM32F1xx_HAL_Driver/Src/stm32f1xx_hal_rcc_ex.o
 .ARM.attributes
                0x000000000000025a       0x2d ./Drivers/STM32F1xx_HAL_Driver/Src/stm32f1xx_hal_spi.o
 .ARM.attributes
                0x0000000000000287       0x2d ./Drivers/STM32F1xx_HAL_Driver/Src/stm32f1xx_hal_tim.o
 .ARM.attributes
                0x00000000000002b4       0x2d ./Drivers/STM32F1xx_HAL_Driver/Src/stm32f1xx_hal_tim_ex.o
 .ARM.attributes
                0x00000000000002e1       0x2d ./Drivers/STM32F1xx_HAL_Driver/Src/stm32f1xx_ll_usb.o
 .ARM.attributes
                0x000000000000030e       0x2d ./Middlewares/ST/STM32_USB_Device_Library/Class/CDC/Src/usbd_cdc.o
 .ARM.attributes
                0x000000000000033b       0x2d ./Middlewares/ST/STM32_USB_Device_Library/Core/Src/usbd_core.o
 .ARM.attributes
                0x0000000000000368       0x2d ./Middlewares/ST/STM32_USB_Device_Library/Core/Src/usbd_ctlreq.o
 .ARM.attributes
                0x0000000000000395       0x2d ./Middlewares/ST/STM32_USB_Device_Library/Core/Src/usbd_ioreq.o
 .ARM.attributes
                0x00000000000003c2       0x2d ./USB_DEVICE/App/usb_device.o
 .ARM.attributes
                0x00000000000003ef       0x2d ./USB_DEVICE/App/usbd_cdc_if.o
 .ARM.attributes
                0x000000000000041c       0x2d ./USB_DEVICE/App/usbd_desc.o
 .ARM.attributes
                0x0000000000000449       0x2d ./USB_DEVICE/Target/usbd_conf.o
 .ARM.attributes
                0x0000000000000476       0x2d C:/ST/STM32CubeIDE_1.14.1/STM32CubeIDE/plugins/com.st.stm32cube.ide.mcu.externaltools.gnu-tools-for-stm32.11.3.rel1.win32_1.1.100.202309141235/tools/bin/../lib/gcc/arm-none-eabi/11.3.1/../../../../arm-none-eabi/lib/thumb/v7-m/nofp\libc_nano.a(libc_a-memset.o)
 .ARM.attributes
                0x00000000000004a3       0x2d C:/ST/STM32CubeIDE_1.14.1/STM32CubeIDE/plugins/com.st.stm32cube.ide.mcu.externaltools.gnu-tools-for-stm32.11.3.rel1.win32_1.1.100.202309141235/tools/bin/../lib/gcc/arm-none-eabi/11.3.1/../../../../arm-none-eabi/lib/thumb/v7-m/nofp\libc_nano.a(libc_a-init.o)
 .ARM.attributes
                0x00000000000004d0       0x2d C:/ST/STM32CubeIDE_1.14.1/STM32CubeIDE/plugins/com.st.stm32cube.ide.mcu.externaltools.gnu-tools-for-stm32.11.3.rel1.win32_1.1.100.202309141235/tools/bin/../lib/gcc/arm-none-eabi/11.3.1/../../../../arm-none-eabi/lib/thumb/v7-m/nofp\libc_nano.a(libc_a-memcpy-stub.o)
 .ARM.attributes
                0x00000000000004fd       0x1d C:/ST/STM32CubeIDE_1.14.1/STM32CubeIDE/plugins/com.st.stm32cube.ide.mcu.externaltools.gnu-tools-for-stm32.11.3.rel1.win32_1.1.100.202309141235/tools/bin/../lib/gcc/arm-none-eabi/11.3.1/thumb/v7-m/nofp/crtn.o
OUTPUT(LEDUSB2.elf elf32-littlearm)
LOAD linker stubs
LOAD C:/ST/STM32CubeIDE_1.14.1/STM32CubeIDE/plugins/com.st.stm32cube.ide.mcu.externaltools.gnu-tools-for-stm32.11.3.rel1.win32_1.1.100.202309141235/tools/bin/../lib/gcc/arm-none-eabi/11.3.1/../../../../arm-none-eabi/lib/thumb/v7-m/nofp\libc.a
LOAD C:/ST/STM32CubeIDE_1.14.1/STM32CubeIDE/plugins/com.st.stm32cube.ide.mcu.externaltools.gnu-tools-for-stm32.11.3.rel1.win32_1.1.100.202309141235/tools/bin/../lib/gcc/arm-none-eabi/11.3.1/../../../../arm-none-eabi/lib/thumb/v7-m/nofp\libm.a
LOAD C:/ST/STM32CubeIDE_1.14.1/STM32CubeIDE/plugins/com.st.stm32cube.ide.mcu.externaltools.gnu-tools-for-stm32.11.3.rel1.win32_1.1.100.202309141235/tools/bin/../lib/gcc/arm-none-eabi/11.3.1/thumb/v7-m/nofp\libgcc.a

.comment        0x0000000000000000       0x43
 .comment       0x0000000000000000       0x43 C:/ST/STM32CubeIDE_1.14.1/STM32CubeIDE/plugins/com.st.stm32cube.ide.mcu.externaltools.gnu-tools-for-stm32.11.3.rel1.win32_1.1.100.202309141235/tools/bin/../lib/gcc/arm-none-eabi/11.3.1/thumb/v7-m/nofp/crtbegin.o
                                         0x44 (size before relaxing)
 .comment       0x0000000000000043       0x44 ./Core/Src/main.o
 .comment       0x0000000000000043       0x44 ./Core/Src/stm32f1xx_hal_msp.o
 .comment       0x0000000000000043       0x44 ./Core/Src/stm32f1xx_it.o
 .comment       0x0000000000000043       0x44 ./Core/Src/system_stm32f1xx.o
 .comment       0x0000000000000043       0x44 ./Drivers/STM32F1xx_HAL_Driver/Src/stm32f1xx_hal.o
 .comment       0x0000000000000043       0x44 ./Drivers/STM32F1xx_HAL_Driver/Src/stm32f1xx_hal_cortex.o
 .comment       0x0000000000000043       0x44 ./Drivers/STM32F1xx_HAL_Driver/Src/stm32f1xx_hal_gpio.o
 .comment       0x0000000000000043       0x44 ./Drivers/STM32F1xx_HAL_Driver/Src/stm32f1xx_hal_pcd.o
 .comment       0x0000000000000043       0x44 ./Drivers/STM32F1xx_HAL_Driver/Src/stm32f1xx_hal_pcd_ex.o
 .comment       0x0000000000000043       0x44 ./Drivers/STM32F1xx_HAL_Driver/Src/stm32f1xx_hal_rcc.o
 .comment       0x0000000000000043       0x44 ./Drivers/STM32F1xx_HAL_Driver/Src/stm32f1xx_hal_rcc_ex.o
 .comment       0x0000000000000043       0x44 ./Drivers/STM32F1xx_HAL_Driver/Src/stm32f1xx_hal_spi.o
 .comment       0x0000000000000043       0x44 ./Drivers/STM32F1xx_HAL_Driver/Src/stm32f1xx_hal_tim.o
 .comment       0x0000000000000043       0x44 ./Drivers/STM32F1xx_HAL_Driver/Src/stm32f1xx_hal_tim_ex.o
 .comment       0x0000000000000043       0x44 ./Drivers/STM32F1xx_HAL_Driver/Src/stm32f1xx_ll_usb.o
 .comment       0x0000000000000043       0x44 ./Middlewares/ST/STM32_USB_Device_Library/Class/CDC/Src/usbd_cdc.o
 .comment       0x0000000000000043       0x44 ./Middlewares/ST/STM32_USB_Device_Library/Core/Src/usbd_core.o
 .comment       0x0000000000000043       0x44 ./Middlewares/ST/STM32_USB_Device_Library/Core/Src/usbd_ctlreq.o
 .comment       0x0000000000000043       0x44 ./Middlewares/ST/STM32_USB_Device_Library/Core/Src/usbd_ioreq.o
 .comment       0x0000000000000043       0x44 ./USB_DEVICE/App/usb_device.o
 .comment       0x0000000000000043       0x44 ./USB_DEVICE/App/usbd_cdc_if.o
 .comment       0x0000000000000043       0x44 ./USB_DEVICE/App/usbd_desc.o
 .comment       0x0000000000000043       0x44 ./USB_DEVICE/Target/usbd_conf.o

.debug_info     0x0000000000000000    0x12d6a
 .debug_info    0x0000000000000000     0x118a ./Core/Src/main.o
 .debug_info    0x000000000000118a      0xd96 ./Core/Src/stm32f1xx_hal_msp.o
 .debug_info    0x0000000000001f20      0xb6d ./Core/Src/stm32f1xx_it.o
 .debug_info    0x0000000000002a8d      0x222 ./Core/Src/system_stm32f1xx.o
 .debug_info    0x0000000000002caf       0x23 ./Core/Startup/startup_stm32f103c8tx.o
 .debug_info    0x0000000000002cd2      0x704 ./Drivers/STM32F1xx_HAL_Driver/Src/stm32f1xx_hal.o
 .debug_info    0x00000000000033d6      0xa87 ./Drivers/STM32F1xx_HAL_Driver/Src/stm32f1xx_hal_cortex.o
 .debug_info    0x0000000000003e5d      0x5ab ./Drivers/STM32F1xx_HAL_Driver/Src/stm32f1xx_hal_gpio.o
 .debug_info    0x0000000000004408     0x16cf ./Drivers/STM32F1xx_HAL_Driver/Src/stm32f1xx_hal_pcd.o
 .debug_info    0x0000000000005ad7      0x6b6 ./Drivers/STM32F1xx_HAL_Driver/Src/stm32f1xx_hal_pcd_ex.o
 .debug_info    0x000000000000618d      0x7d5 ./Drivers/STM32F1xx_HAL_Driver/Src/stm32f1xx_hal_rcc.o
 .debug_info    0x0000000000006962      0x3c0 ./Drivers/STM32F1xx_HAL_Driver/Src/stm32f1xx_hal_rcc_ex.o
 .debug_info    0x0000000000006d22     0x1503 ./Drivers/STM32F1xx_HAL_Driver/Src/stm32f1xx_hal_spi.o
 .debug_info    0x0000000000008225     0x293b ./Drivers/STM32F1xx_HAL_Driver/Src/stm32f1xx_hal_tim.o
 .debug_info    0x000000000000ab60     0x149b ./Drivers/STM32F1xx_HAL_Driver/Src/stm32f1xx_hal_tim_ex.o
 .debug_info    0x000000000000bffb     0x17a2 ./Drivers/STM32F1xx_HAL_Driver/Src/stm32f1xx_ll_usb.o
 .debug_info    0x000000000000d79d     0x1036 ./Middlewares/ST/STM32_USB_Device_Library/Class/CDC/Src/usbd_cdc.o
 .debug_info    0x000000000000e7d3      0xa52 ./Middlewares/ST/STM32_USB_Device_Library/Core/Src/usbd_core.o
 .debug_info    0x000000000000f225      0x91c ./Middlewares/ST/STM32_USB_Device_Library/Core/Src/usbd_ctlreq.o
 .debug_info    0x000000000000fb41      0x6a0 ./Middlewares/ST/STM32_USB_Device_Library/Core/Src/usbd_ioreq.o
 .debug_info    0x00000000000101e1      0x63d ./USB_DEVICE/App/usb_device.o
 .debug_info    0x000000000001081e      0x8ab ./USB_DEVICE/App/usbd_cdc_if.o
 .debug_info    0x00000000000110c9      0x44a ./USB_DEVICE/App/usbd_desc.o
 .debug_info    0x0000000000011513     0x1857 ./USB_DEVICE/Target/usbd_conf.o

.debug_abbrev   0x0000000000000000     0x32d2
 .debug_abbrev  0x0000000000000000      0x307 ./Core/Src/main.o
 .debug_abbrev  0x0000000000000307      0x1d7 ./Core/Src/stm32f1xx_hal_msp.o
 .debug_abbrev  0x00000000000004de      0x1c6 ./Core/Src/stm32f1xx_it.o
 .debug_abbrev  0x00000000000006a4      0x13f ./Core/Src/system_stm32f1xx.o
 .debug_abbrev  0x00000000000007e3       0x12 ./Core/Startup/startup_stm32f103c8tx.o
 .debug_abbrev  0x00000000000007f5      0x201 ./Drivers/STM32F1xx_HAL_Driver/Src/stm32f1xx_hal.o
 .debug_abbrev  0x00000000000009f6      0x2f8 ./Drivers/STM32F1xx_HAL_Driver/Src/stm32f1xx_hal_cortex.o
 .debug_abbrev  0x0000000000000cee      0x1ca ./Drivers/STM32F1xx_HAL_Driver/Src/stm32f1xx_hal_gpio.o
 .debug_abbrev  0x0000000000000eb8      0x2d6 ./Drivers/STM32F1xx_HAL_Driver/Src/stm32f1xx_hal_pcd.o
 .debug_abbrev  0x000000000000118e      0x189 ./Drivers/STM32F1xx_HAL_Driver/Src/stm32f1xx_hal_pcd_ex.o
 .debug_abbrev  0x0000000000001317      0x2b3 ./Drivers/STM32F1xx_HAL_Driver/Src/stm32f1xx_hal_rcc.o
 .debug_abbrev  0x00000000000015ca      0x188 ./Drivers/STM32F1xx_HAL_Driver/Src/stm32f1xx_hal_rcc_ex.o
 .debug_abbrev  0x0000000000001752      0x284 ./Drivers/STM32F1xx_HAL_Driver/Src/stm32f1xx_hal_spi.o
 .debug_abbrev  0x00000000000019d6      0x277 ./Drivers/STM32F1xx_HAL_Driver/Src/stm32f1xx_hal_tim.o
 .debug_abbrev  0x0000000000001c4d      0x282 ./Drivers/STM32F1xx_HAL_Driver/Src/stm32f1xx_hal_tim_ex.o
 .debug_abbrev  0x0000000000001ecf      0x1de ./Drivers/STM32F1xx_HAL_Driver/Src/stm32f1xx_ll_usb.o
 .debug_abbrev  0x00000000000020ad      0x2d3 ./Middlewares/ST/STM32_USB_Device_Library/Class/CDC/Src/usbd_cdc.o
 .debug_abbrev  0x0000000000002380      0x24a ./Middlewares/ST/STM32_USB_Device_Library/Core/Src/usbd_core.o
 .debug_abbrev  0x00000000000025ca      0x26b ./Middlewares/ST/STM32_USB_Device_Library/Core/Src/usbd_ctlreq.o
 .debug_abbrev  0x0000000000002835      0x192 ./Middlewares/ST/STM32_USB_Device_Library/Core/Src/usbd_ioreq.o
 .debug_abbrev  0x00000000000029c7      0x18d ./USB_DEVICE/App/usb_device.o
 .debug_abbrev  0x0000000000002b54      0x269 ./USB_DEVICE/App/usbd_cdc_if.o
 .debug_abbrev  0x0000000000002dbd      0x1ff ./USB_DEVICE/App/usbd_desc.o
 .debug_abbrev  0x0000000000002fbc      0x316 ./USB_DEVICE/Target/usbd_conf.o

.debug_aranges  0x0000000000000000     0x11c8
 .debug_aranges
                0x0000000000000000       0x58 ./Core/Src/main.o
 .debug_aranges
                0x0000000000000058       0x48 ./Core/Src/stm32f1xx_hal_msp.o
 .debug_aranges
                0x00000000000000a0       0x70 ./Core/Src/stm32f1xx_it.o
 .debug_aranges
                0x0000000000000110       0x28 ./Core/Src/system_stm32f1xx.o
 .debug_aranges
                0x0000000000000138       0x28 ./Core/Startup/startup_stm32f103c8tx.o
 .debug_aranges
                0x0000000000000160       0xe0 ./Drivers/STM32F1xx_HAL_Driver/Src/stm32f1xx_hal.o
 .debug_aranges
                0x0000000000000240      0x100 ./Drivers/STM32F1xx_HAL_Driver/Src/stm32f1xx_hal_cortex.o
 .debug_aranges
                0x0000000000000340       0x58 ./Drivers/STM32F1xx_HAL_Driver/Src/stm32f1xx_hal_gpio.o
 .debug_aranges
                0x0000000000000398      0x140 ./Drivers/STM32F1xx_HAL_Driver/Src/stm32f1xx_hal_pcd.o
 .debug_aranges
                0x00000000000004d8       0x38 ./Drivers/STM32F1xx_HAL_Driver/Src/stm32f1xx_hal_pcd_ex.o
 .debug_aranges
                0x0000000000000510       0x90 ./Drivers/STM32F1xx_HAL_Driver/Src/stm32f1xx_hal_rcc.o
 .debug_aranges
                0x00000000000005a0       0x30 ./Drivers/STM32F1xx_HAL_Driver/Src/stm32f1xx_hal_rcc_ex.o
 .debug_aranges
                0x00000000000005d0      0x1d0 ./Drivers/STM32F1xx_HAL_Driver/Src/stm32f1xx_hal_spi.o
 .debug_aranges
                0x00000000000007a0      0x3d0 ./Drivers/STM32F1xx_HAL_Driver/Src/stm32f1xx_hal_tim.o
 .debug_aranges
                0x0000000000000b70      0x168 ./Drivers/STM32F1xx_HAL_Driver/Src/stm32f1xx_hal_tim_ex.o
 .debug_aranges
                0x0000000000000cd8       0xf8 ./Drivers/STM32F1xx_HAL_Driver/Src/stm32f1xx_ll_usb.o
 .debug_aranges
                0x0000000000000dd0       0x90 ./Middlewares/ST/STM32_USB_Device_Library/Class/CDC/Src/usbd_cdc.o
 .debug_aranges
                0x0000000000000e60       0xb8 ./Middlewares/ST/STM32_USB_Device_Library/Core/Src/usbd_core.o
 .debug_aranges
                0x0000000000000f18       0x88 ./Middlewares/ST/STM32_USB_Device_Library/Core/Src/usbd_ctlreq.o
 .debug_aranges
                0x0000000000000fa0       0x50 ./Middlewares/ST/STM32_USB_Device_Library/Core/Src/usbd_ioreq.o
 .debug_aranges
                0x0000000000000ff0       0x20 ./USB_DEVICE/App/usb_device.o
 .debug_aranges
                0x0000000000001010       0x40 ./USB_DEVICE/App/usbd_cdc_if.o
 .debug_aranges
                0x0000000000001050       0x60 ./USB_DEVICE/App/usbd_desc.o
 .debug_aranges
                0x00000000000010b0      0x118 ./USB_DEVICE/Target/usbd_conf.o

.debug_rnglists
                0x0000000000000000      0xd86
 .debug_rnglists
                0x0000000000000000       0x41 ./Core/Src/main.o
 .debug_rnglists
                0x0000000000000041       0x32 ./Core/Src/stm32f1xx_hal_msp.o
 .debug_rnglists
                0x0000000000000073       0x4f ./Core/Src/stm32f1xx_it.o
 .debug_rnglists
                0x00000000000000c2       0x1a ./Core/Src/system_stm32f1xx.o
 .debug_rnglists
                0x00000000000000dc       0x19 ./Core/Startup/startup_stm32f103c8tx.o
 .debug_rnglists
                0x00000000000000f5       0xa3 ./Drivers/STM32F1xx_HAL_Driver/Src/stm32f1xx_hal.o
 .debug_rnglists
                0x0000000000000198       0xbb ./Drivers/STM32F1xx_HAL_Driver/Src/stm32f1xx_hal_cortex.o
 .debug_rnglists
                0x0000000000000253       0x3f ./Drivers/STM32F1xx_HAL_Driver/Src/stm32f1xx_hal_gpio.o
 .debug_rnglists
                0x0000000000000292       0xf4 ./Drivers/STM32F1xx_HAL_Driver/Src/stm32f1xx_hal_pcd.o
 .debug_rnglists
                0x0000000000000386       0x26 ./Drivers/STM32F1xx_HAL_Driver/Src/stm32f1xx_hal_pcd_ex.o
 .debug_rnglists
                0x00000000000003ac       0x6c ./Drivers/STM32F1xx_HAL_Driver/Src/stm32f1xx_hal_rcc.o
 .debug_rnglists
                0x0000000000000418       0x21 ./Drivers/STM32F1xx_HAL_Driver/Src/stm32f1xx_hal_rcc_ex.o
 .debug_rnglists
                0x0000000000000439      0x16e ./Drivers/STM32F1xx_HAL_Driver/Src/stm32f1xx_hal_spi.o
 .debug_rnglists
                0x00000000000005a7      0x31a ./Drivers/STM32F1xx_HAL_Driver/Src/stm32f1xx_hal_tim.o
 .debug_rnglists
                0x00000000000008c1      0x125 ./Drivers/STM32F1xx_HAL_Driver/Src/stm32f1xx_hal_tim_ex.o
 .debug_rnglists
                0x00000000000009e6       0xbd ./Drivers/STM32F1xx_HAL_Driver/Src/stm32f1xx_ll_usb.o
 .debug_rnglists
                0x0000000000000aa3       0x6a ./Middlewares/ST/STM32_USB_Device_Library/Class/CDC/Src/usbd_cdc.o
 .debug_rnglists
                0x0000000000000b0d       0x89 ./Middlewares/ST/STM32_USB_Device_Library/Core/Src/usbd_core.o
 .debug_rnglists
                0x0000000000000b96       0x68 ./Middlewares/ST/STM32_USB_Device_Library/Core/Src/usbd_ctlreq.o
 .debug_rnglists
                0x0000000000000bfe       0x37 ./Middlewares/ST/STM32_USB_Device_Library/Core/Src/usbd_ioreq.o
 .debug_rnglists
                0x0000000000000c35       0x13 ./USB_DEVICE/App/usb_device.o
 .debug_rnglists
                0x0000000000000c48       0x2d ./USB_DEVICE/App/usbd_cdc_if.o
 .debug_rnglists
                0x0000000000000c75       0x43 ./USB_DEVICE/App/usbd_desc.o
 .debug_rnglists
                0x0000000000000cb8       0xce ./USB_DEVICE/Target/usbd_conf.o

.debug_macro    0x0000000000000000    0x1a310
 .debug_macro   0x0000000000000000      0x37f ./Core/Src/main.o
 .debug_macro   0x000000000000037f      0xa9c ./Core/Src/main.o
 .debug_macro   0x0000000000000e1b      0x221 ./Core/Src/main.o
 .debug_macro   0x000000000000103c       0x2e ./Core/Src/main.o
 .debug_macro   0x000000000000106a       0x22 ./Core/Src/main.o
 .debug_macro   0x000000000000108c       0x22 ./Core/Src/main.o
 .debug_macro   0x00000000000010ae       0x8e ./Core/Src/main.o
 .debug_macro   0x000000000000113c       0x51 ./Core/Src/main.o
 .debug_macro   0x000000000000118d      0x103 ./Core/Src/main.o
 .debug_macro   0x0000000000001290       0x6a ./Core/Src/main.o
 .debug_macro   0x00000000000012fa      0x1df ./Core/Src/main.o
 .debug_macro   0x00000000000014d9       0x1c ./Core/Src/main.o
 .debug_macro   0x00000000000014f5       0x22 ./Core/Src/main.o
 .debug_macro   0x0000000000001517       0xbd ./Core/Src/main.o
 .debug_macro   0x00000000000015d4      0xd23 ./Core/Src/main.o
 .debug_macro   0x00000000000022f7     0xe09e ./Core/Src/main.o
 .debug_macro   0x0000000000010395       0x6d ./Core/Src/main.o
 .debug_macro   0x0000000000010402     0x348d ./Core/Src/main.o
 .debug_macro   0x000000000001388f      0x174 ./Core/Src/main.o
 .debug_macro   0x0000000000013a03       0x5c ./Core/Src/main.o
 .debug_macro   0x0000000000013a5f      0x5bc ./Core/Src/main.o
 .debug_macro   0x000000000001401b      0x289 ./Core/Src/main.o
 .debug_macro   0x00000000000142a4      0x1cb ./Core/Src/main.o
 .debug_macro   0x000000000001446f      0x114 ./Core/Src/main.o
 .debug_macro   0x0000000000014583      0x1b2 ./Core/Src/main.o
 .debug_macro   0x0000000000014735       0x27 ./Core/Src/main.o
 .debug_macro   0x000000000001475c      0x136 ./Core/Src/main.o
 .debug_macro   0x0000000000014892      0x1bc ./Core/Src/main.o
 .debug_macro   0x0000000000014a4e       0x34 ./Core/Src/main.o
 .debug_macro   0x0000000000014a82       0x3c ./Core/Src/main.o
 .debug_macro   0x0000000000014abe       0x57 ./Core/Src/main.o
 .debug_macro   0x0000000000014b15       0x87 ./Core/Src/main.o
 .debug_macro   0x0000000000014b9c      0x240 ./Core/Src/main.o
 .debug_macro   0x0000000000014ddc      0x140 ./Core/Src/main.o
 .debug_macro   0x0000000000014f1c      0x217 ./Core/Src/main.o
 .debug_macro   0x0000000000015133      0x8ed ./Core/Src/main.o
 .debug_macro   0x0000000000015a20       0xab ./Core/Src/main.o
 .debug_macro   0x0000000000015acb      0x242 ./Core/Src/main.o
 .debug_macro   0x0000000000015d0d       0x83 ./Core/Src/main.o
 .debug_macro   0x0000000000015d90       0x61 ./Core/Src/main.o
 .debug_macro   0x0000000000015df1       0x24 ./Core/Src/main.o
 .debug_macro   0x0000000000015e15       0x43 ./Core/Src/main.o
 .debug_macro   0x0000000000015e58       0x34 ./Core/Src/main.o
 .debug_macro   0x0000000000015e8c       0x16 ./Core/Src/main.o
 .debug_macro   0x0000000000015ea2       0x35 ./Core/Src/main.o
 .debug_macro   0x0000000000015ed7      0x369 ./Core/Src/main.o
 .debug_macro   0x0000000000016240       0x10 ./Core/Src/main.o
 .debug_macro   0x0000000000016250       0x16 ./Core/Src/main.o
 .debug_macro   0x0000000000016266       0x43 ./Core/Src/main.o
 .debug_macro   0x00000000000162a9       0x34 ./Core/Src/main.o
 .debug_macro   0x00000000000162dd       0x10 ./Core/Src/main.o
 .debug_macro   0x00000000000162ed       0x58 ./Core/Src/main.o
 .debug_macro   0x0000000000016345       0x8e ./Core/Src/main.o
 .debug_macro   0x00000000000163d3       0x1c ./Core/Src/main.o
 .debug_macro   0x00000000000163ef      0x177 ./Core/Src/main.o
 .debug_macro   0x0000000000016566       0x16 ./Core/Src/main.o
 .debug_macro   0x000000000001657c       0x16 ./Core/Src/main.o
 .debug_macro   0x0000000000016592      0x147 ./Core/Src/main.o
 .debug_macro   0x00000000000166d9       0x16 ./Core/Src/main.o
 .debug_macro   0x00000000000166ef       0x16 ./Core/Src/main.o
 .debug_macro   0x0000000000016705       0x29 ./Core/Src/main.o
 .debug_macro   0x000000000001672e       0x16 ./Core/Src/main.o
 .debug_macro   0x0000000000016744       0x20 ./Core/Src/main.o
 .debug_macro   0x0000000000016764       0x5f ./Core/Src/main.o
 .debug_macro   0x00000000000167c3      0x1c8 ./Core/Src/main.o
 .debug_macro   0x000000000001698b       0x8f ./Core/Src/main.o
 .debug_macro   0x0000000000016a1a       0x10 ./Core/Src/main.o
 .debug_macro   0x0000000000016a2a      0x1d1 ./Core/Src/stm32f1xx_hal_msp.o
 .debug_macro   0x0000000000016bfb      0x1db ./Core/Src/stm32f1xx_it.o
 .debug_macro   0x0000000000016dd6      0x1c7 ./Core/Src/system_stm32f1xx.o
 .debug_macro   0x0000000000016f9d      0x1eb ./Drivers/STM32F1xx_HAL_Driver/Src/stm32f1xx_hal.o
 .debug_macro   0x0000000000017188      0x1c7 ./Drivers/STM32F1xx_HAL_Driver/Src/stm32f1xx_hal_cortex.o
 .debug_macro   0x000000000001734f      0x232 ./Drivers/STM32F1xx_HAL_Driver/Src/stm32f1xx_hal_gpio.o
 .debug_macro   0x0000000000017581      0x1d3 ./Drivers/STM32F1xx_HAL_Driver/Src/stm32f1xx_hal_pcd.o
 .debug_macro   0x0000000000017754      0x1c7 ./Drivers/STM32F1xx_HAL_Driver/Src/stm32f1xx_hal_pcd_ex.o
 .debug_macro   0x000000000001791b      0x1d9 ./Drivers/STM32F1xx_HAL_Driver/Src/stm32f1xx_hal_rcc.o
 .debug_macro   0x0000000000017af4      0x1c7 ./Drivers/STM32F1xx_HAL_Driver/Src/stm32f1xx_hal_rcc_ex.o
 .debug_macro   0x0000000000017cbb      0x1cf ./Drivers/STM32F1xx_HAL_Driver/Src/stm32f1xx_hal_spi.o
 .debug_macro   0x0000000000017e8a      0x1c8 ./Drivers/STM32F1xx_HAL_Driver/Src/stm32f1xx_hal_tim.o
 .debug_macro   0x0000000000018052      0x1c7 ./Drivers/STM32F1xx_HAL_Driver/Src/stm32f1xx_hal_tim_ex.o
 .debug_macro   0x0000000000018219      0x1c7 ./Drivers/STM32F1xx_HAL_Driver/Src/stm32f1xx_ll_usb.o
 .debug_macro   0x00000000000183e0      0x360 ./Middlewares/ST/STM32_USB_Device_Library/Class/CDC/Src/usbd_cdc.o
 .debug_macro   0x0000000000018740       0x97 ./Middlewares/ST/STM32_USB_Device_Library/Class/CDC/Src/usbd_cdc.o
 .debug_macro   0x00000000000187d7       0xfd ./Middlewares/ST/STM32_USB_Device_Library/Class/CDC/Src/usbd_cdc.o
 .debug_macro   0x00000000000188d4       0x56 ./Middlewares/ST/STM32_USB_Device_Library/Class/CDC/Src/usbd_cdc.o
 .debug_macro   0x000000000001892a      0x347 ./Middlewares/ST/STM32_USB_Device_Library/Core/Src/usbd_core.o
 .debug_macro   0x0000000000018c71      0x1ce ./Middlewares/ST/STM32_USB_Device_Library/Core/Src/usbd_core.o
 .debug_macro   0x0000000000018e3f      0x351 ./Middlewares/ST/STM32_USB_Device_Library/Core/Src/usbd_ctlreq.o
 .debug_macro   0x0000000000019190      0x34d ./Middlewares/ST/STM32_USB_Device_Library/Core/Src/usbd_ioreq.o
 .debug_macro   0x00000000000194dd      0x386 ./USB_DEVICE/App/usb_device.o
 .debug_macro   0x0000000000019863       0x22 ./USB_DEVICE/App/usb_device.o
 .debug_macro   0x0000000000019885       0x16 ./USB_DEVICE/App/usb_device.o
 .debug_macro   0x000000000001989b      0x36b ./USB_DEVICE/App/usbd_cdc_if.o
 .debug_macro   0x0000000000019c06      0x384 ./USB_DEVICE/App/usbd_desc.o
 .debug_macro   0x0000000000019f8a       0x1c ./USB_DEVICE/App/usbd_desc.o
 .debug_macro   0x0000000000019fa6      0x36a ./USB_DEVICE/Target/usbd_conf.o

.debug_line     0x0000000000000000    0x156f2
 .debug_line    0x0000000000000000      0xc57 ./Core/Src/main.o
 .debug_line    0x0000000000000c57      0x805 ./Core/Src/stm32f1xx_hal_msp.o
 .debug_line    0x000000000000145c      0x83d ./Core/Src/stm32f1xx_it.o
 .debug_line    0x0000000000001c99      0x7c9 ./Core/Src/system_stm32f1xx.o
 .debug_line    0x0000000000002462       0x78 ./Core/Startup/startup_stm32f103c8tx.o
 .debug_line    0x00000000000024da      0x9f6 ./Drivers/STM32F1xx_HAL_Driver/Src/stm32f1xx_hal.o
 .debug_line    0x0000000000002ed0      0xbde ./Drivers/STM32F1xx_HAL_Driver/Src/stm32f1xx_hal_cortex.o
 .debug_line    0x0000000000003aae      0xa8f ./Drivers/STM32F1xx_HAL_Driver/Src/stm32f1xx_hal_gpio.o
 .debug_line    0x000000000000453d     0x1424 ./Drivers/STM32F1xx_HAL_Driver/Src/stm32f1xx_hal_pcd.o
 .debug_line    0x0000000000005961      0x7c4 ./Drivers/STM32F1xx_HAL_Driver/Src/stm32f1xx_hal_pcd_ex.o
 .debug_line    0x0000000000006125      0xdff ./Drivers/STM32F1xx_HAL_Driver/Src/stm32f1xx_hal_rcc.o
 .debug_line    0x0000000000006f24      0x93a ./Drivers/STM32F1xx_HAL_Driver/Src/stm32f1xx_hal_rcc_ex.o
 .debug_line    0x000000000000785e     0x1c7e ./Drivers/STM32F1xx_HAL_Driver/Src/stm32f1xx_hal_spi.o
 .debug_line    0x00000000000094dc     0x34e2 ./Drivers/STM32F1xx_HAL_Driver/Src/stm32f1xx_hal_tim.o
 .debug_line    0x000000000000c9be     0x1955 ./Drivers/STM32F1xx_HAL_Driver/Src/stm32f1xx_hal_tim_ex.o
 .debug_line    0x000000000000e313     0x10ab ./Drivers/STM32F1xx_HAL_Driver/Src/stm32f1xx_ll_usb.o
 .debug_line    0x000000000000f3be      0xd4e ./Middlewares/ST/STM32_USB_Device_Library/Class/CDC/Src/usbd_cdc.o
 .debug_line    0x000000000001010c      0xdca ./Middlewares/ST/STM32_USB_Device_Library/Core/Src/usbd_core.o
 .debug_line    0x0000000000010ed6     0x1007 ./Middlewares/ST/STM32_USB_Device_Library/Core/Src/usbd_ctlreq.o
 .debug_line    0x0000000000011edd      0xa60 ./Middlewares/ST/STM32_USB_Device_Library/Core/Src/usbd_ioreq.o
 .debug_line    0x000000000001293d      0xa20 ./USB_DEVICE/App/usb_device.o
 .debug_line    0x000000000001335d      0xaa7 ./USB_DEVICE/App/usbd_cdc_if.o
 .debug_line    0x0000000000013e04      0xae9 ./USB_DEVICE/App/usbd_desc.o
 .debug_line    0x00000000000148ed      0xe05 ./USB_DEVICE/Target/usbd_conf.o

.debug_str      0x0000000000000000    0x8e569
 .debug_str     0x0000000000000000    0x8a4b0 ./Core/Src/main.o
                                      0x8a949 (size before relaxing)
 .debug_str     0x000000000008a4b0      0x376 ./Core/Src/stm32f1xx_hal_msp.o
                                      0x86212 (size before relaxing)
 .debug_str     0x000000000008a826      0x3e0 ./Core/Src/stm32f1xx_it.o
                                      0x85fd9 (size before relaxing)
 .debug_str     0x000000000008ac06       0x7e ./Core/Src/system_stm32f1xx.o
                                      0x8579b (size before relaxing)
 .debug_str     0x000000000008ac84       0x34 ./Core/Startup/startup_stm32f103c8tx.o
                                         0x62 (size before relaxing)
 .debug_str     0x000000000008acb8      0x37a ./Drivers/STM32F1xx_HAL_Driver/Src/stm32f1xx_hal.o
                                      0x85ece (size before relaxing)
 .debug_str     0x000000000008b032      0x26c ./Drivers/STM32F1xx_HAL_Driver/Src/stm32f1xx_hal_cortex.o
                                      0x85e1a (size before relaxing)
 .debug_str     0x000000000008b29e      0x2e6 ./Drivers/STM32F1xx_HAL_Driver/Src/stm32f1xx_hal_gpio.o
                                      0x85b21 (size before relaxing)
 .debug_str     0x000000000008b584      0x5bd ./Drivers/STM32F1xx_HAL_Driver/Src/stm32f1xx_hal_pcd.o
                                      0x860ad (size before relaxing)
 .debug_str     0x000000000008bb41      0x170 ./Drivers/STM32F1xx_HAL_Driver/Src/stm32f1xx_hal_pcd_ex.o
                                      0x85c0f (size before relaxing)
 .debug_str     0x000000000008bcb1      0x229 ./Drivers/STM32F1xx_HAL_Driver/Src/stm32f1xx_hal_rcc.o
                                      0x85bca (size before relaxing)
 .debug_str     0x000000000008beda       0x9f ./Drivers/STM32F1xx_HAL_Driver/Src/stm32f1xx_hal_rcc_ex.o
                                      0x8591a (size before relaxing)
 .debug_str     0x000000000008bf79      0x555 ./Drivers/STM32F1xx_HAL_Driver/Src/stm32f1xx_hal_spi.o
                                      0x860c7 (size before relaxing)
 .debug_str     0x000000000008c4ce      0xd2b ./Drivers/STM32F1xx_HAL_Driver/Src/stm32f1xx_hal_tim.o
                                      0x86bbc (size before relaxing)
 .debug_str     0x000000000008d1f9      0x3e1 ./Drivers/STM32F1xx_HAL_Driver/Src/stm32f1xx_hal_tim_ex.o
                                      0x863d8 (size before relaxing)
 .debug_str     0x000000000008d5da      0x129 ./Drivers/STM32F1xx_HAL_Driver/Src/stm32f1xx_ll_usb.o
                                      0x85c61 (size before relaxing)
 .debug_str     0x000000000008d703      0x645 ./Middlewares/ST/STM32_USB_Device_Library/Class/CDC/Src/usbd_cdc.o
                                      0x8a68f (size before relaxing)
 .debug_str     0x000000000008dd48      0x281 ./Middlewares/ST/STM32_USB_Device_Library/Core/Src/usbd_core.o
                                      0x89fca (size before relaxing)
 .debug_str     0x000000000008dfc9      0x120 ./Middlewares/ST/STM32_USB_Device_Library/Core/Src/usbd_ctlreq.o
                                      0x89ee4 (size before relaxing)
 .debug_str     0x000000000008e0e9       0x51 ./Middlewares/ST/STM32_USB_Device_Library/Core/Src/usbd_ioreq.o
                                      0x89e11 (size before relaxing)
 .debug_str     0x000000000008e13a       0xc6 ./USB_DEVICE/App/usb_device.o
                                      0x8a19c (size before relaxing)
 .debug_str     0x000000000008e200       0x99 ./USB_DEVICE/App/usbd_cdc_if.o
                                      0x8a1fc (size before relaxing)
 .debug_str     0x000000000008e299      0x258 ./USB_DEVICE/App/usbd_desc.o
                                      0x89d4d (size before relaxing)
 .debug_str     0x000000000008e4f1       0x78 ./USB_DEVICE/Target/usbd_conf.o
                                      0x8ac1c (size before relaxing)

.debug_frame    0x0000000000000000     0x4980
 .debug_frame   0x0000000000000000      0x118 ./Core/Src/main.o
 .debug_frame   0x0000000000000118       0xec ./Core/Src/stm32f1xx_hal_msp.o
 .debug_frame   0x0000000000000204      0x13c ./Core/Src/stm32f1xx_it.o
 .debug_frame   0x0000000000000340       0x58 ./Core/Src/system_stm32f1xx.o
 .debug_frame   0x0000000000000398      0x334 ./Drivers/STM32F1xx_HAL_Driver/Src/stm32f1xx_hal.o
 .debug_frame   0x00000000000006cc      0x428 ./Drivers/STM32F1xx_HAL_Driver/Src/stm32f1xx_hal_cortex.o
 .debug_frame   0x0000000000000af4      0x14c ./Drivers/STM32F1xx_HAL_Driver/Src/stm32f1xx_hal_gpio.o
 .debug_frame   0x0000000000000c40      0x59c ./Drivers/STM32F1xx_HAL_Driver/Src/stm32f1xx_hal_pcd.o
 .debug_frame   0x00000000000011dc       0xb0 ./Drivers/STM32F1xx_HAL_Driver/Src/stm32f1xx_hal_pcd_ex.o
 .debug_frame   0x000000000000128c      0x218 ./Drivers/STM32F1xx_HAL_Driver/Src/stm32f1xx_hal_rcc.o
 .debug_frame   0x00000000000014a4       0x80 ./Drivers/STM32F1xx_HAL_Driver/Src/stm32f1xx_hal_rcc_ex.o
 .debug_frame   0x0000000000001524      0x824 ./Drivers/STM32F1xx_HAL_Driver/Src/stm32f1xx_hal_spi.o
 .debug_frame   0x0000000000001d48     0x11bc ./Drivers/STM32F1xx_HAL_Driver/Src/stm32f1xx_hal_tim.o
 .debug_frame   0x0000000000002f04      0x638 ./Drivers/STM32F1xx_HAL_Driver/Src/stm32f1xx_hal_tim_ex.o
 .debug_frame   0x000000000000353c      0x478 ./Drivers/STM32F1xx_HAL_Driver/Src/stm32f1xx_ll_usb.o
 .debug_frame   0x00000000000039b4      0x248 ./Middlewares/ST/STM32_USB_Device_Library/Class/CDC/Src/usbd_cdc.o
 .debug_frame   0x0000000000003bfc      0x300 ./Middlewares/ST/STM32_USB_Device_Library/Core/Src/usbd_core.o
 .debug_frame   0x0000000000003efc      0x218 ./Middlewares/ST/STM32_USB_Device_Library/Core/Src/usbd_ctlreq.o
 .debug_frame   0x0000000000004114      0x10c ./Middlewares/ST/STM32_USB_Device_Library/Core/Src/usbd_ioreq.o
 .debug_frame   0x0000000000004220       0x2c ./USB_DEVICE/App/usb_device.o
 .debug_frame   0x000000000000424c       0xbc ./USB_DEVICE/App/usbd_cdc_if.o
 .debug_frame   0x0000000000004308      0x160 ./USB_DEVICE/App/usbd_desc.o
 .debug_frame   0x0000000000004468      0x4a4 ./USB_DEVICE/Target/usbd_conf.o
 .debug_frame   0x000000000000490c       0x20 C:/ST/STM32CubeIDE_1.14.1/STM32CubeIDE/plugins/com.st.stm32cube.ide.mcu.externaltools.gnu-tools-for-stm32.11.3.rel1.win32_1.1.100.202309141235/tools/bin/../lib/gcc/arm-none-eabi/11.3.1/../../../../arm-none-eabi/lib/thumb/v7-m/nofp\libc_nano.a(libc_a-memset.o)
 .debug_frame   0x000000000000492c       0x2c C:/ST/STM32CubeIDE_1.14.1/STM32CubeIDE/plugins/com.st.stm32cube.ide.mcu.externaltools.gnu-tools-for-stm32.11.3.rel1.win32_1.1.100.202309141235/tools/bin/../lib/gcc/arm-none-eabi/11.3.1/../../../../arm-none-eabi/lib/thumb/v7-m/nofp\libc_nano.a(libc_a-init.o)
 .debug_frame   0x0000000000004958       0x28 C:/ST/STM32CubeIDE_1.14.1/STM32CubeIDE/plugins/com.st.stm32cube.ide.mcu.externaltools.gnu-tools-for-stm32.11.3.rel1.win32_1.1.100.202309141235/tools/bin/../lib/gcc/arm-none-eabi/11.3.1/../../../../arm-none-eabi/lib/thumb/v7-m/nofp\libc_nano.a(libc_a-memcpy-stub.o)

.debug_line_str
                0x0000000000000000       0x56
 .debug_line_str
                0x0000000000000000       0x56 ./Core/Startup/startup_stm32f103c8tx.o
                                         0x6e (size before relaxing)
